Preprocessing...
Simulating doublets...
Embedding transcriptomes using PCA...
Calculating doublet scores...
Automatically set threshold at doublet score = 0.38
Detected doublet rate = 0.4%
Estimated detectable doublet fraction = 11.6%
Overall doublet rate:
	Expected   = 6.0%
	Estimated  = 3.0%
Elapsed time: 1.4 seconds
Preprocessing...
Simulating doublets...
Embedding transcriptomes using PCA...
Calculating doublet scores...
Automatically set threshold at doublet score = 0.33
Detected doublet rate = 0.3%
Estimated detectable doublet fraction = 22.9%
Overall doublet rate:
	Expected   = 6.0%
	Estimated  = 1.3%
Elapsed time: 1.1 seconds
Preprocessing...
Simulating doublets...
Embedding transcriptomes using PCA...
Calculating doublet scores...
Automatically set threshold at doublet score = 0.49
Detected doublet rate = 0.3%
Estimated detectable doublet fraction = 10.2%
Overall doublet rate:
	Expected   = 6.0%
	Estimated  = 3.1%
Elapsed time: 1.7 seconds
Preprocessing...
Simulating doublets...
Embedding transcriptomes using PCA...
Calculating doublet scores...
Automatically set threshold at doublet score = 0.35
Detected doublet rate = 0.9%
Estimated detectable doublet fraction = 18.3%
Overall doublet rate:
	Expected   = 6.0%
	Estimated  = 4.8%
Elapsed time: 0.9 seconds
Preprocessing...
Simulating doublets...
Embedding transcriptomes using PCA...
Calculating doublet scores...
Automatically set threshold at doublet score = 0.37
Detected doublet rate = 0.0%
Estimated detectable doublet fraction = 13.8%
Overall doublet rate:
	Expected   = 6.0%
	Estimated  = 0.0%
Elapsed time: 1.0 seconds
Preprocessing...
Simulating doublets...
Embedding transcriptomes using PCA...
Calculating doublet scores...
Automatically set threshold at doublet score = 0.33
Detected doublet rate = 0.1%
Estimated detectable doublet fraction = 21.3%
Overall doublet rate:
	Expected   = 6.0%
	Estimated  = 0.7%
Elapsed time: 1.0 seconds
Preprocessing...
Simulating doublets...
Embedding transcriptomes using PCA...
Calculating doublet scores...
Automatically set threshold at doublet score = 0.38
Detected doublet rate = 0.3%
Estimated detectable doublet fraction = 25.9%
Overall doublet rate:
	Expected   = 6.0%
	Estimated  = 1.1%
Elapsed time: 1.1 seconds
Preprocessing...
Simulating doublets...
Embedding transcriptomes using PCA...
Calculating doublet scores...
Automatically set threshold at doublet score = 0.47
Detected doublet rate = 0.4%
Estimated detectable doublet fraction = 13.3%
Overall doublet rate:
	Expected   = 6.0%
	Estimated  = 3.1%
Elapsed time: 1.7 seconds
Preprocessing...
Simulating doublets...
Embedding transcriptomes using PCA...
Calculating doublet scores...
Automatically set threshold at doublet score = 0.50
Detected doublet rate = 0.2%
Estimated detectable doublet fraction = 1.8%
Overall doublet rate:
	Expected   = 6.0%
	Estimated  = 8.3%
Elapsed time: 1.6 seconds
Preprocessing...
Simulating doublets...
Embedding transcriptomes using PCA...
Calculating doublet scores...
Automatically set threshold at doublet score = 0.28
Detected doublet rate = 0.5%
Estimated detectable doublet fraction = 5.0%
Overall doublet rate:
	Expected   = 6.0%
	Estimated  = 10.3%
Elapsed time: 0.9 seconds
Preprocessing...
Simulating doublets...
Embedding transcriptomes using PCA...
Calculating doublet scores...
Automatically set threshold at doublet score = 0.20
Detected doublet rate = 2.4%
Estimated detectable doublet fraction = 1.8%
Overall doublet rate:
	Expected   = 6.0%
	Estimated  = 133.3%
Elapsed time: 0.0 seconds
Preprocessing...
Simulating doublets...
Embedding transcriptomes using PCA...
Calculating doublet scores...
Automatically set threshold at doublet score = 0.33
Detected doublet rate = 0.2%
Estimated detectable doublet fraction = 7.1%
Overall doublet rate:
	Expected   = 6.0%
	Estimated  = 2.1%
Elapsed time: 0.9 seconds
Preprocessing...
Simulating doublets...
Embedding transcriptomes using PCA...
Calculating doublet scores...
Automatically set threshold at doublet score = 0.35
Detected doublet rate = 0.9%
Estimated detectable doublet fraction = 31.9%
Overall doublet rate:
	Expected   = 6.0%
	Estimated  = 2.7%
Elapsed time: 2.0 seconds
Preprocessing...
Simulating doublets...
Embedding transcriptomes using PCA...
Calculating doublet scores...
Automatically set threshold at doublet score = 0.63
Detected doublet rate = 0.1%
Estimated detectable doublet fraction = 2.1%
Overall doublet rate:
	Expected   = 6.0%
	Estimated  = 4.6%
Elapsed time: 3.8 seconds
Preprocessing...
Simulating doublets...
Embedding transcriptomes using PCA...
Calculating doublet scores...
Automatically set threshold at doublet score = 0.19
Detected doublet rate = 1.3%
Estimated detectable doublet fraction = 4.4%
Overall doublet rate:
	Expected   = 6.0%
	Estimated  = 28.6%
Elapsed time: 0.0 seconds
Preprocessing...
Simulating doublets...
Embedding transcriptomes using PCA...
Calculating doublet scores...
Automatically set threshold at doublet score = 0.24
Detected doublet rate = 0.4%
Estimated detectable doublet fraction = 5.3%
Overall doublet rate:
	Expected   = 6.0%
	Estimated  = 7.7%
Elapsed time: 0.1 seconds
Preprocessing...
Simulating doublets...
Embedding transcriptomes using PCA...
Calculating doublet scores...
Automatically set threshold at doublet score = 0.61
Detected doublet rate = 0.1%
Estimated detectable doublet fraction = 1.3%
Overall doublet rate:
	Expected   = 6.0%
	Estimated  = 11.9%
Elapsed time: 3.1 seconds
Preprocessing...
Simulating doublets...
Embedding transcriptomes using PCA...
Calculating doublet scores...
Automatically set threshold at doublet score = 0.63
Detected doublet rate = 0.0%
Estimated detectable doublet fraction = 1.5%
Overall doublet rate:
	Expected   = 6.0%
	Estimated  = 2.7%
Elapsed time: 3.8 seconds
Preprocessing...
Simulating doublets...
Embedding transcriptomes using PCA...
Calculating doublet scores...
Automatically set threshold at doublet score = 0.30
Detected doublet rate = 1.5%
Estimated detectable doublet fraction = 27.7%
Overall doublet rate:
	Expected   = 6.0%
	Estimated  = 5.5%
Elapsed time: 3.0 seconds
Preprocessing...
Simulating doublets...
Embedding transcriptomes using PCA...
Calculating doublet scores...
Automatically set threshold at doublet score = 0.65
Detected doublet rate = 0.1%
Estimated detectable doublet fraction = 2.4%
Overall doublet rate:
	Expected   = 6.0%
	Estimated  = 5.2%
Elapsed time: 3.9 seconds
Preprocessing...
Simulating doublets...
Embedding transcriptomes using PCA...
Calculating doublet scores...
Automatically set threshold at doublet score = 0.66
Detected doublet rate = 0.0%
Estimated detectable doublet fraction = 0.6%
Overall doublet rate:
	Expected   = 6.0%
	Estimated  = 4.0%
Elapsed time: 4.1 seconds
Preprocessing...
Simulating doublets...
Embedding transcriptomes using PCA...
Calculating doublet scores...
Automatically set threshold at doublet score = 0.74
Detected doublet rate = 0.0%
Estimated detectable doublet fraction = 0.0%
Overall doublet rate:
	Expected   = 6.0%
	Estimated  = 0.0%
Elapsed time: 10.1 seconds
Preprocessing...
Simulating doublets...
Embedding transcriptomes using PCA...
Calculating doublet scores...
Automatically set threshold at doublet score = 0.55
Detected doublet rate = 0.1%
Estimated detectable doublet fraction = 6.0%
Overall doublet rate:
	Expected   = 6.0%
	Estimated  = 1.2%
Elapsed time: 2.3 seconds
Preprocessing...
Simulating doublets...
Embedding transcriptomes using PCA...
Calculating doublet scores...
Automatically set threshold at doublet score = 0.65
Detected doublet rate = 0.0%
Estimated detectable doublet fraction = 1.0%
Overall doublet rate:
	Expected   = 6.0%
	Estimated  = 3.8%
Elapsed time: 3.8 seconds
Preprocessing...
Simulating doublets...
Embedding transcriptomes using PCA...
Calculating doublet scores...
Automatically set threshold at doublet score = 0.38
Detected doublet rate = 1.1%
Estimated detectable doublet fraction = 25.8%
Overall doublet rate:
	Expected   = 6.0%
	Estimated  = 4.2%
Elapsed time: 1.9 seconds
Preprocessing...
Simulating doublets...
Embedding transcriptomes using PCA...
Calculating doublet scores...
Automatically set threshold at doublet score = 0.27
Detected doublet rate = 2.5%
Estimated detectable doublet fraction = 32.8%
Overall doublet rate:
	Expected   = 6.0%
	Estimated  = 7.6%
Elapsed time: 5.8 seconds
Preprocessing...
Simulating doublets...
Embedding transcriptomes using PCA...
Calculating doublet scores...
Automatically set threshold at doublet score = 0.57
Detected doublet rate = 0.0%
Estimated detectable doublet fraction = 2.3%
Overall doublet rate:
	Expected   = 6.0%
	Estimated  = 2.0%
Elapsed time: 2.5 seconds
Preprocessing...
Simulating doublets...
Embedding transcriptomes using PCA...
Calculating doublet scores...
Automatically set threshold at doublet score = 0.59
Detected doublet rate = 0.0%
Estimated detectable doublet fraction = 0.0%
Overall doublet rate:
	Expected   = 6.0%
	Estimated  = 0.0%
Elapsed time: 12.3 seconds
Preprocessing...
Simulating doublets...
Embedding transcriptomes using PCA...
Calculating doublet scores...
Automatically set threshold at doublet score = 0.62
Detected doublet rate = 0.0%
Estimated detectable doublet fraction = 0.0%
Overall doublet rate:
	Expected   = 6.0%
	Estimated  = 0.0%
Elapsed time: 15.4 seconds
Preprocessing...
Simulating doublets...
Embedding transcriptomes using PCA...
Calculating doublet scores...
Automatically set threshold at doublet score = 0.15
Detected doublet rate = 12.1%
Estimated detectable doublet fraction = 54.5%
Overall doublet rate:
	Expected   = 6.0%
	Estimated  = 22.1%
Elapsed time: 28.1 seconds
Preprocessing...
Simulating doublets...
Embedding transcriptomes using PCA...
Calculating doublet scores...
Automatically set threshold at doublet score = 0.12
Detected doublet rate = 15.4%
Estimated detectable doublet fraction = 66.9%
Overall doublet rate:
	Expected   = 6.0%
	Estimated  = 23.1%
Elapsed time: 15.6 seconds
Preprocessing...
Simulating doublets...
Embedding transcriptomes using PCA...
Calculating doublet scores...
Automatically set threshold at doublet score = 0.24
Detected doublet rate = 3.8%
Estimated detectable doublet fraction = 32.9%
Overall doublet rate:
	Expected   = 6.0%
	Estimated  = 11.6%
Elapsed time: 11.8 seconds
Preprocessing...
Simulating doublets...
Embedding transcriptomes using PCA...
Calculating doublet scores...
Automatically set threshold at doublet score = 0.14
Detected doublet rate = 12.1%
Estimated detectable doublet fraction = 53.2%
Overall doublet rate:
	Expected   = 6.0%
	Estimated  = 22.7%
Elapsed time: 18.0 seconds
Preprocessing...
Simulating doublets...
Embedding transcriptomes using PCA...
Calculating doublet scores...
Automatically set threshold at doublet score = 0.37
Detected doublet rate = 0.8%
Estimated detectable doublet fraction = 29.5%
Overall doublet rate:
	Expected   = 6.0%
	Estimated  = 2.7%
Elapsed time: 1.7 seconds
Preprocessing...
Simulating doublets...
Embedding transcriptomes using PCA...
Calculating doublet scores...
Automatically set threshold at doublet score = 0.80
Detected doublet rate = 0.0%
Estimated detectable doublet fraction = 0.1%
Overall doublet rate:
	Expected   = 6.0%
	Estimated  = 0.0%
Elapsed time: 33.3 seconds
Preprocessing...
Simulating doublets...
Embedding transcriptomes using PCA...
Calculating doublet scores...
Automatically set threshold at doublet score = 0.19
Detected doublet rate = 5.8%
Estimated detectable doublet fraction = 41.0%
Overall doublet rate:
	Expected   = 6.0%
	Estimated  = 14.2%
Elapsed time: 12.4 seconds
Preprocessing...
Simulating doublets...
Embedding transcriptomes using PCA...
Calculating doublet scores...
Automatically set threshold at doublet score = 0.46
Detected doublet rate = 0.1%
Estimated detectable doublet fraction = 14.8%
Overall doublet rate:
	Expected   = 6.0%
	Estimated  = 0.7%
Elapsed time: 1.5 seconds
Preprocessing...
Simulating doublets...
Embedding transcriptomes using PCA...
Calculating doublet scores...
Automatically set threshold at doublet score = 0.43
Detected doublet rate = 0.2%
Estimated detectable doublet fraction = 14.8%
Overall doublet rate:
	Expected   = 6.0%
	Estimated  = 1.2%
Elapsed time: 1.2 seconds
Preprocessing...
Simulating doublets...
Embedding transcriptomes using PCA...
Calculating doublet scores...
Automatically set threshold at doublet score = 0.73
Detected doublet rate = 0.0%
Estimated detectable doublet fraction = 0.0%
Overall doublet rate:
	Expected   = 6.0%
	Estimated  = 0.0%
Elapsed time: 28.2 seconds
Preprocessing...
Simulating doublets...
Embedding transcriptomes using PCA...
Calculating doublet scores...
Automatically set threshold at doublet score = 0.21
Detected doublet rate = 3.9%
Estimated detectable doublet fraction = 23.8%
Overall doublet rate:
	Expected   = 6.0%
	Estimated  = 16.4%
Elapsed time: 19.2 seconds
Preprocessing...
Simulating doublets...
Embedding transcriptomes using PCA...
Calculating doublet scores...
Automatically set threshold at doublet score = 0.14
Detected doublet rate = 13.7%
Estimated detectable doublet fraction = 59.4%
Overall doublet rate:
	Expected   = 6.0%
	Estimated  = 23.0%
Elapsed time: 29.0 seconds
Preprocessing...
Simulating doublets...
Embedding transcriptomes using PCA...
Calculating doublet scores...
Automatically set threshold at doublet score = 0.73
Detected doublet rate = 0.0%
Estimated detectable doublet fraction = 3.5%
Overall doublet rate:
	Expected   = 6.0%
	Estimated  = 0.6%
Elapsed time: 11.8 seconds
Preprocessing...
Simulating doublets...
Embedding transcriptomes using PCA...
Calculating doublet scores...
Automatically set threshold at doublet score = 0.38
Detected doublet rate = 0.0%
Estimated detectable doublet fraction = 0.0%
Overall doublet rate:
	Expected   = 6.0%
	Estimated  = 11.1%
Elapsed time: 11.7 seconds
Preprocessing...
Simulating doublets...
Embedding transcriptomes using PCA...
Calculating doublet scores...
Automatically set threshold at doublet score = 0.39
Detected doublet rate = 0.1%
Estimated detectable doublet fraction = 17.6%
Overall doublet rate:
	Expected   = 6.0%
	Estimated  = 0.5%
Elapsed time: 1.1 seconds
Preprocessing...
Simulating doublets...
Embedding transcriptomes using PCA...
Calculating doublet scores...
Automatically set threshold at doublet score = 0.33
Detected doublet rate = 0.8%
Estimated detectable doublet fraction = 27.0%
Overall doublet rate:
	Expected   = 6.0%
	Estimated  = 2.8%
Elapsed time: 1.6 seconds
Preprocessing...
Simulating doublets...
Embedding transcriptomes using PCA...
Calculating doublet scores...
Automatically set threshold at doublet score = 0.33
Detected doublet rate = 0.7%
Estimated detectable doublet fraction = 19.8%
Overall doublet rate:
	Expected   = 6.0%
	Estimated  = 3.6%
Elapsed time: 2.0 seconds
Preprocessing...
Simulating doublets...
Embedding transcriptomes using PCA...
Calculating doublet scores...
Automatically set threshold at doublet score = 0.30
Detected doublet rate = 0.6%
Estimated detectable doublet fraction = 19.6%
Overall doublet rate:
	Expected   = 6.0%
	Estimated  = 3.0%
Elapsed time: 0.9 seconds
Preprocessing...
Simulating doublets...
Embedding transcriptomes using PCA...
Calculating doublet scores...
Automatically set threshold at doublet score = 0.50
Detected doublet rate = 0.0%
Estimated detectable doublet fraction = 0.0%
Overall doublet rate:
	Expected   = 6.0%
	Estimated  = 50.0%
Elapsed time: 47.8 seconds
Preprocessing...
Simulating doublets...
Embedding transcriptomes using PCA...
Calculating doublet scores...
Automatically set threshold at doublet score = 0.37
Detected doublet rate = 0.6%
Estimated detectable doublet fraction = 36.1%
Overall doublet rate:
	Expected   = 6.0%
	Estimated  = 1.7%
Elapsed time: 2.1 seconds
Preprocessing...
Simulating doublets...
Embedding transcriptomes using PCA...
Calculating doublet scores...
Automatically set threshold at doublet score = 0.44
Detected doublet rate = 0.2%
Estimated detectable doublet fraction = 10.5%
Overall doublet rate:
	Expected   = 6.0%
	Estimated  = 1.6%
Elapsed time: 1.3 seconds
Preprocessing...
Simulating doublets...
Embedding transcriptomes using PCA...
Calculating doublet scores...
Automatically set threshold at doublet score = 0.28
Detected doublet rate = 2.1%
Estimated detectable doublet fraction = 23.3%
Overall doublet rate:
	Expected   = 6.0%
	Estimated  = 9.0%
Elapsed time: 6.6 seconds
Preprocessing...
Simulating doublets...
Embedding transcriptomes using PCA...
Calculating doublet scores...
Automatically set threshold at doublet score = 0.22
Detected doublet rate = 4.3%
Estimated detectable doublet fraction = 35.7%
Overall doublet rate:
	Expected   = 6.0%
	Estimated  = 12.1%
Elapsed time: 5.5 seconds
Preprocessing...
Simulating doublets...
Embedding transcriptomes using PCA...
Calculating doublet scores...
Automatically set threshold at doublet score = 0.34
Detected doublet rate = 1.3%
Estimated detectable doublet fraction = 27.2%
Overall doublet rate:
	Expected   = 6.0%
	Estimated  = 4.8%
Elapsed time: 3.2 seconds
Preprocessing...
Simulating doublets...
Embedding transcriptomes using PCA...
Calculating doublet scores...
Automatically set threshold at doublet score = 0.15
Detected doublet rate = 10.5%
Estimated detectable doublet fraction = 45.7%
Overall doublet rate:
	Expected   = 6.0%
	Estimated  = 22.9%
Elapsed time: 17.6 seconds
Preprocessing...
Simulating doublets...
Embedding transcriptomes using PCA...
Calculating doublet scores...
Automatically set threshold at doublet score = 0.64
Detected doublet rate = 0.0%
Estimated detectable doublet fraction = 2.2%
Overall doublet rate:
	Expected   = 6.0%
	Estimated  = 1.2%
Elapsed time: 90.4 seconds
Preprocessing...
Simulating doublets...
Embedding transcriptomes using PCA...
Calculating doublet scores...
Automatically set threshold at doublet score = 0.73
Detected doublet rate = 0.0%
Estimated detectable doublet fraction = 0.0%
Overall doublet rate:
	Expected   = 6.0%
	Estimated  = 28.6%
Elapsed time: 10.2 seconds
Preprocessing...
Simulating doublets...
Embedding transcriptomes using PCA...
Calculating doublet scores...
Automatically set threshold at doublet score = 0.63
Detected doublet rate = 0.0%
Estimated detectable doublet fraction = 0.6%
Overall doublet rate:
	Expected   = 6.0%
	Estimated  = 4.5%
Elapsed time: 2.7 seconds
Preprocessing...
Simulating doublets...
Embedding transcriptomes using PCA...
Calculating doublet scores...
Automatically set threshold at doublet score = 0.16
Detected doublet rate = 7.6%
Estimated detectable doublet fraction = 36.9%
Overall doublet rate:
	Expected   = 6.0%
	Estimated  = 20.5%
Elapsed time: 15.1 seconds
Preprocessing...
Simulating doublets...
Embedding transcriptomes using PCA...
Calculating doublet scores...
Automatically set threshold at doublet score = 0.68
Detected doublet rate = 0.0%
Estimated detectable doublet fraction = 0.2%
Overall doublet rate:
	Expected   = 6.0%
	Estimated  = 7.8%
Elapsed time: 4.9 seconds
Preprocessing...
Simulating doublets...
Embedding transcriptomes using PCA...
Calculating doublet scores...
Automatically set threshold at doublet score = 0.41
Detected doublet rate = 0.2%
Estimated detectable doublet fraction = 9.8%
Overall doublet rate:
	Expected   = 6.0%
	Estimated  = 1.6%
Elapsed time: 0.2 seconds
Preprocessing...
Simulating doublets...
Embedding transcriptomes using PCA...
Calculating doublet scores...
Automatically set threshold at doublet score = 0.32
Detected doublet rate = 0.0%
Estimated detectable doublet fraction = 11.8%
Overall doublet rate:
	Expected   = 6.0%
	Estimated  = 0.0%
Elapsed time: 0.1 seconds
Preprocessing...
Simulating doublets...
Embedding transcriptomes using PCA...
Calculating doublet scores...
Automatically set threshold at doublet score = 0.40
Detected doublet rate = 0.8%
Estimated detectable doublet fraction = 25.7%
Overall doublet rate:
	Expected   = 6.0%
	Estimated  = 3.3%
Elapsed time: 1.6 seconds
Preprocessing...
Simulating doublets...
Embedding transcriptomes using PCA...
Calculating doublet scores...
Automatically set threshold at doublet score = 0.50
Detected doublet rate = 0.3%
Estimated detectable doublet fraction = 9.2%
Overall doublet rate:
	Expected   = 6.0%
	Estimated  = 2.8%
Elapsed time: 1.5 seconds
Preprocessing...
Simulating doublets...
Embedding transcriptomes using PCA...
Calculating doublet scores...
Automatically set threshold at doublet score = 0.46
Detected doublet rate = 0.2%
Estimated detectable doublet fraction = 7.8%
Overall doublet rate:
	Expected   = 6.0%
	Estimated  = 2.4%
Elapsed time: 0.5 seconds
Preprocessing...
Simulating doublets...
Embedding transcriptomes using PCA...
Calculating doublet scores...
Automatically set threshold at doublet score = 0.56
Detected doublet rate = 0.0%
Estimated detectable doublet fraction = 0.0%
Overall doublet rate:
	Expected   = 6.0%
	Estimated  = 18.2%
Elapsed time: 7.0 seconds
Preprocessing...
Simulating doublets...
Embedding transcriptomes using PCA...
Calculating doublet scores...
Automatically set threshold at doublet score = 0.45
Detected doublet rate = 0.0%
Estimated detectable doublet fraction = 0.0%
Overall doublet rate:
	Expected   = 6.0%
	Estimated  = 25.0%
Elapsed time: 9.3 seconds
Preprocessing...
Simulating doublets...
Embedding transcriptomes using PCA...
Calculating doublet scores...
Automatically set threshold at doublet score = 0.37
Detected doublet rate = 0.8%
Estimated detectable doublet fraction = 23.6%
Overall doublet rate:
	Expected   = 6.0%
	Estimated  = 3.5%
Elapsed time: 1.1 seconds
Preprocessing...
Simulating doublets...
Embedding transcriptomes using PCA...
Calculating doublet scores...
Automatically set threshold at doublet score = 0.46
Detected doublet rate = 0.3%
Estimated detectable doublet fraction = 5.2%
Overall doublet rate:
	Expected   = 6.0%
	Estimated  = 5.2%
Elapsed time: 0.4 seconds
Preprocessing...
Simulating doublets...
Embedding transcriptomes using PCA...
Calculating doublet scores...
Automatically set threshold at doublet score = 0.52
Detected doublet rate = 0.2%
Estimated detectable doublet fraction = 3.6%
Overall doublet rate:
	Expected   = 6.0%
	Estimated  = 5.7%
Elapsed time: 0.9 seconds
Preprocessing...
Simulating doublets...
Embedding transcriptomes using PCA...
Calculating doublet scores...
Automatically set threshold at doublet score = 0.34
Detected doublet rate = 0.9%
Estimated detectable doublet fraction = 28.1%
Overall doublet rate:
	Expected   = 6.0%
	Estimated  = 3.2%
Elapsed time: 1.3 seconds
Preprocessing...
Simulating doublets...
Embedding transcriptomes using PCA...
Calculating doublet scores...
Automatically set threshold at doublet score = 0.56
Detected doublet rate = 0.2%
Estimated detectable doublet fraction = 3.4%
Overall doublet rate:
	Expected   = 6.0%
	Estimated  = 4.6%
Elapsed time: 1.5 seconds
Preprocessing...
Simulating doublets...
Embedding transcriptomes using PCA...
Calculating doublet scores...
Automatically set threshold at doublet score = 0.35
Detected doublet rate = 0.6%
Estimated detectable doublet fraction = 34.8%
Overall doublet rate:
	Expected   = 6.0%
	Estimated  = 1.6%
Elapsed time: 0.2 seconds
Preprocessing...
Simulating doublets...
Embedding transcriptomes using PCA...
Calculating doublet scores...
Automatically set threshold at doublet score = 0.47
Detected doublet rate = 0.2%
Estimated detectable doublet fraction = 10.8%
Overall doublet rate:
	Expected   = 6.0%
	Estimated  = 1.8%
Elapsed time: 0.8 seconds
Preprocessing...
Simulating doublets...
Embedding transcriptomes using PCA...
Calculating doublet scores...
Automatically set threshold at doublet score = 0.27
Detected doublet rate = 0.0%
Estimated detectable doublet fraction = 11.5%
Overall doublet rate:
	Expected   = 6.0%
	Estimated  = 0.0%
Elapsed time: 0.1 seconds
Preprocessing...
Simulating doublets...
Embedding transcriptomes using PCA...
Calculating doublet scores...
Automatically set threshold at doublet score = 0.36
Detected doublet rate = 0.2%
Estimated detectable doublet fraction = 11.5%
Overall doublet rate:
	Expected   = 6.0%
	Estimated  = 2.0%
Elapsed time: 0.2 seconds
Preprocessing...
Simulating doublets...
Embedding transcriptomes using PCA...
Calculating doublet scores...
Automatically set threshold at doublet score = 0.38
Detected doublet rate = 0.7%
Estimated detectable doublet fraction = 25.2%
Overall doublet rate:
	Expected   = 6.0%
	Estimated  = 2.9%
Elapsed time: 1.8 seconds
Preprocessing...
Simulating doublets...
Embedding transcriptomes using PCA...
Calculating doublet scores...
Automatically set threshold at doublet score = 0.45
Detected doublet rate = 0.0%
Estimated detectable doublet fraction = 0.1%
Overall doublet rate:
	Expected   = 6.0%
	Estimated  = 4.1%
Elapsed time: 11.8 seconds
Preprocessing...
Simulating doublets...
Embedding transcriptomes using PCA...
Calculating doublet scores...
Automatically set threshold at doublet score = 0.46
Detected doublet rate = 0.2%
Estimated detectable doublet fraction = 6.5%
Overall doublet rate:
	Expected   = 6.0%
	Estimated  = 3.1%
Elapsed time: 0.4 seconds
Preprocessing...
Simulating doublets...
Embedding transcriptomes using PCA...
Calculating doublet scores...
Automatically set threshold at doublet score = 0.80
Detected doublet rate = 0.0%
Estimated detectable doublet fraction = 0.4%
Overall doublet rate:
	Expected   = 6.0%
	Estimated  = 1.8%
Elapsed time: 27.4 seconds
Preprocessing...
Simulating doublets...
Embedding transcriptomes using PCA...
Calculating doublet scores...
Automatically set threshold at doublet score = 0.55
Detected doublet rate = 0.1%
Estimated detectable doublet fraction = 2.8%
Overall doublet rate:
	Expected   = 6.0%
	Estimated  = 1.8%
Elapsed time: 1.0 seconds
Preprocessing...
Simulating doublets...
Embedding transcriptomes using PCA...
Calculating doublet scores...
Automatically set threshold at doublet score = 0.35
Detected doublet rate = 0.9%
Estimated detectable doublet fraction = 27.0%
Overall doublet rate:
	Expected   = 6.0%
	Estimated  = 3.3%
Elapsed time: 1.1 seconds
/home/zerlinshen/singlecell_factory/results/NC2024_NSCLC_FULL_COHORT_STAGE1_MASSIVE_CLUSTER_FIX_AUTO_20260423_031222/run_manifest.json
/home/zerlinshen/conda/envs/sc_gpu/lib/python3.13/site-packages/anndata/_core/xarray.py:38: UserWarning: Did not read zarr as consolidated. Consider consolidating your metadata.
  return func(*args, **kwargs)
/home/zerlinshen/conda/envs/sc_gpu/lib/python3.13/site-packages/anndata/_io/zarr.py:44: UserWarning: Writing zarr v2 data will no longer be the default in the next minor release. v3 data will be written by default. If you are explicitly setting this configuration, consider migrating to the zarr v3 file format.
  f = open_write_group(store)
/home/zerlinshen/conda/envs/sc_gpu/lib/python3.13/site-packages/anndata/_io/zarr.py:44: UserWarning: Writing zarr v2 data will no longer be the default in the next minor release. v3 data will be written by default. If you are explicitly setting this configuration, consider migrating to the zarr v3 file format.
  f = open_write_group(store)
/home/zerlinshen/conda/envs/sc_gpu/lib/python3.13/site-packages/anndata/_io/utils.py:272: FutureWarning: Forward slashes will be disallowed in h5 stores in the next minor release
  return func(*args, **kwargs)
/home/zerlinshen/conda/envs/sc_gpu/lib/python3.13/site-packages/anndata/_io/zarr.py:44: UserWarning: Writing zarr v2 data will no longer be the default in the next minor release. v3 data will be written by default. If you are explicitly setting this configuration, consider migrating to the zarr v3 file format.
  f = open_write_group(store)
/home/zerlinshen/conda/envs/sc_gpu/lib/python3.13/site-packages/anndata/_io/utils.py:272: FutureWarning: Forward slashes will be disallowed in h5 stores in the next minor release
  return func(*args, **kwargs)
/home/zerlinshen/conda/envs/sc_gpu/lib/python3.13/site-packages/anndata/_io/zarr.py:44: UserWarning: Writing zarr v2 data will no longer be the default in the next minor release. v3 data will be written by default. If you are explicitly setting this configuration, consider migrating to the zarr v3 file format.
  f = open_write_group(store)
/home/zerlinshen/conda/envs/sc_gpu/lib/python3.13/site-packages/anndata/_io/utils.py:272: FutureWarning: Forward slashes will be disallowed in h5 stores in the next minor release
  return func(*args, **kwargs)
/home/zerlinshen/conda/envs/sc_gpu/lib/python3.13/site-packages/anndata/_io/zarr.py:44: UserWarning: Writing zarr v2 data will no longer be the default in the next minor release. v3 data will be written by default. If you are explicitly setting this configuration, consider migrating to the zarr v3 file format.
  f = open_write_group(store)
/home/zerlinshen/conda/envs/sc_gpu/lib/python3.13/site-packages/anndata/_io/utils.py:272: FutureWarning: Forward slashes will be disallowed in h5 stores in the next minor release
  return func(*args, **kwargs)
