Collecting annoy
  Using cached annoy-1.17.3.tar.gz (647 kB)
  Installing build dependencies: started
  Installing build dependencies: finished with status 'done'
  Getting requirements to build wheel: started
  Getting requirements to build wheel: finished with status 'done'
  Installing backend dependencies: started
  Installing backend dependencies: finished with status 'done'
  Preparing metadata (pyproject.toml): started
  Preparing metadata (pyproject.toml): finished with status 'done'
Collecting pertpy
  Downloading pertpy-1.0.6-py3-none-any.whl.metadata (9.6 kB)
Collecting scvi-tools
  Downloading scvi_tools-1.4.2-py3-none-any.whl.metadata (23 kB)
Collecting adjusttext (from pertpy)
  Using cached adjustText-1.3.0-py3-none-any.whl.metadata (3.1 kB)
Collecting arviz>=1.0.0 (from pertpy)
  Downloading arviz-1.0.0-py3-none-any.whl.metadata (7.5 kB)
Collecting blitzgsea (from pertpy)
  Downloading blitzgsea-1.3.54.tar.gz (626 kB)
     ━━━━━━━━━━━━━━━━━━━━━━━━━━━━━━━━━━━━━━━━ 627.0/627.0 kB 1.6 MB/s  0:00:00
  Installing build dependencies: started
  Installing build dependencies: finished with status 'done'
  Getting requirements to build wheel: started
  Getting requirements to build wheel: finished with status 'done'
  Preparing metadata (pyproject.toml): started
  Preparing metadata (pyproject.toml): finished with status 'done'
Requirement already satisfied: fast-array-utils[accel,sparse] in ./conda/envs/sc_gpu/lib/python3.13/site-packages (from pertpy) (1.4)
Requirement already satisfied: filelock in ./conda/envs/sc_gpu/lib/python3.13/site-packages (from pertpy) (3.25.2)
Collecting flax (from pertpy)
  Downloading flax-0.12.6-py3-none-any.whl.metadata (11 kB)
Collecting funsor (from pertpy)
  Downloading funsor-0.4.5-py3-none-any.whl.metadata (7.8 kB)
Collecting mudata (from pertpy)
  Downloading mudata-0.3.5-py3-none-any.whl.metadata (10 kB)
Collecting numpyro (from pertpy)
  Downloading numpyro-0.20.1-py3-none-any.whl.metadata (35 kB)
Collecting openpyxl (from pertpy)
  Using cached openpyxl-3.1.5-py2.py3-none-any.whl.metadata (2.5 kB)
Collecting ott-jax (from pertpy)
  Downloading ott_jax-0.6.0-py3-none-any.whl.metadata (21 kB)
Collecting pubchempy (from pertpy)
  Downloading pubchempy-1.0.5-py3-none-any.whl.metadata (4.3 kB)
Requirement already satisfied: pyarrow in ./conda/envs/sc_gpu/lib/python3.13/site-packages (from pertpy) (21.0.0)
Requirement already satisfied: requests in ./conda/envs/sc_gpu/lib/python3.13/site-packages (from pertpy) (2.33.1)
Requirement already satisfied: rich in ./conda/envs/sc_gpu/lib/python3.13/site-packages (from pertpy) (14.3.3)
Requirement already satisfied: scanpy in ./conda/envs/sc_gpu/lib/python3.13/site-packages (from pertpy) (1.12)
Requirement already satisfied: scikit-learn>=1.4 in ./conda/envs/sc_gpu/lib/python3.13/site-packages (from pertpy) (1.8.0)
Requirement already satisfied: scikit-misc in ./conda/envs/sc_gpu/lib/python3.13/site-packages (from pertpy) (0.5.2)
Collecting sparsecca (from pertpy)
  Downloading sparsecca-0.3.1-py3-none-any.whl.metadata (1.9 kB)
Requirement already satisfied: anndata in ./conda/envs/sc_gpu/lib/python3.13/site-packages (from scvi-tools) (0.12.10)
Requirement already satisfied: docrep>=0.3.2 in ./conda/envs/sc_gpu/lib/python3.13/site-packages (from scvi-tools) (0.3.2)
Collecting lightning>=2.0 (from scvi-tools)
  Downloading lightning-2.6.1-py3-none-any.whl.metadata (44 kB)
Collecting ml-collections (from scvi-tools)
  Downloading ml_collections-1.1.0-py3-none-any.whl.metadata (22 kB)
Requirement already satisfied: numba>=0.60.0 in ./conda/envs/sc_gpu/lib/python3.13/site-packages (from scvi-tools) (0.61.2)
Requirement already satisfied: numpy in ./conda/envs/sc_gpu/lib/python3.13/site-packages (from scvi-tools) (2.2.6)
Requirement already satisfied: pandas in ./conda/envs/sc_gpu/lib/python3.13/site-packages (from scvi-tools) (2.3.3)
Collecting pyro-ppl (from scvi-tools)
  Downloading pyro_ppl-1.9.1-py3-none-any.whl.metadata (7.8 kB)
Requirement already satisfied: scipy in ./conda/envs/sc_gpu/lib/python3.13/site-packages (from scvi-tools) (1.16.3)
Collecting sparse>=0.14.0 (from scvi-tools)
  Downloading sparse-0.18.0-py2.py3-none-any.whl.metadata (5.3 kB)
Collecting tensorboard (from scvi-tools)
  Downloading tensorboard-2.20.0-py3-none-any.whl.metadata (1.8 kB)
Requirement already satisfied: torch in ./conda/envs/sc_gpu/lib/python3.13/site-packages (from scvi-tools) (2.11.0)
Collecting torchmetrics (from scvi-tools)
  Downloading torchmetrics-1.9.0-py3-none-any.whl.metadata (23 kB)
Requirement already satisfied: tqdm in ./conda/envs/sc_gpu/lib/python3.13/site-packages (from scvi-tools) (4.67.3)
Collecting xarray (from scvi-tools)
  Downloading xarray-2026.4.0-py3-none-any.whl.metadata (12 kB)
Collecting arviz_base<1.1.0,>=1.0.0 (from arviz>=1.0.0->pertpy)
  Downloading arviz_base-1.0.0-py3-none-any.whl.metadata (3.4 kB)
Collecting arviz_stats<1.1.0,>=1.0.0 (from arviz_stats[xarray]<1.1.0,>=1.0.0->arviz>=1.0.0->pertpy)
  Downloading arviz_stats-1.0.0-py3-none-any.whl.metadata (2.9 kB)
Collecting arviz_plots<1.1.0,>=1.0.0 (from arviz>=1.0.0->pertpy)
  Downloading arviz_plots-1.0.0-py3-none-any.whl.metadata (2.8 kB)
Requirement already satisfied: typing-extensions>=3.10 in ./conda/envs/sc_gpu/lib/python3.13/site-packages (from arviz_base<1.1.0,>=1.0.0->arviz>=1.0.0->pertpy) (4.15.0)
Collecting xarray-einstats (from arviz_stats[xarray]<1.1.0,>=1.0.0->arviz>=1.0.0->pertpy)
  Downloading xarray_einstats-0.10.0-py3-none-any.whl.metadata (5.9 kB)
Requirement already satisfied: six in ./conda/envs/sc_gpu/lib/python3.13/site-packages (from docrep>=0.3.2->scvi-tools) (1.17.0)
Requirement already satisfied: PyYAML<8.0,>5.4 in ./conda/envs/sc_gpu/lib/python3.13/site-packages (from lightning>=2.0->scvi-tools) (6.0.3)
Requirement already satisfied: fsspec<2028.0,>=2022.5.0 in ./conda/envs/sc_gpu/lib/python3.13/site-packages (from fsspec[http]<2028.0,>=2022.5.0->lightning>=2.0->scvi-tools) (2026.3.0)
Collecting lightning-utilities<2.0,>=0.10.0 (from lightning>=2.0->scvi-tools)
  Downloading lightning_utilities-0.15.3-py3-none-any.whl.metadata (5.5 kB)
Requirement already satisfied: packaging<27.0,>=23.0 in ./conda/envs/sc_gpu/lib/python3.13/site-packages (from lightning>=2.0->scvi-tools) (26.0)
Collecting pytorch-lightning (from lightning>=2.0->scvi-tools)
  Downloading pytorch_lightning-2.6.1-py3-none-any.whl.metadata (21 kB)
Requirement already satisfied: aiohttp!=4.0.0a0,!=4.0.0a1 in ./conda/envs/sc_gpu/lib/python3.13/site-packages (from fsspec[http]<2028.0,>=2022.5.0->lightning>=2.0->scvi-tools) (3.13.5)
Requirement already satisfied: setuptools<82 in ./conda/envs/sc_gpu/lib/python3.13/site-packages (from torch->scvi-tools) (81.0.0)
Requirement already satisfied: sympy>=1.13.3 in ./conda/envs/sc_gpu/lib/python3.13/site-packages (from torch->scvi-tools) (1.14.0)
Requirement already satisfied: networkx>=2.5.1 in ./conda/envs/sc_gpu/lib/python3.13/site-packages (from torch->scvi-tools) (3.6.1)
Requirement already satisfied: jinja2 in ./conda/envs/sc_gpu/lib/python3.13/site-packages (from torch->scvi-tools) (3.1.6)
Requirement already satisfied: cuda-toolkit==13.0.2 in ./conda/envs/sc_gpu/lib/python3.13/site-packages (from cuda-toolkit[cublas,cudart,cufft,cufile,cupti,curand,cusolver,cusparse,nvjitlink,nvrtc,nvtx]==13.0.2; platform_system == "Linux"->torch->scvi-tools) (13.0.2)
Requirement already satisfied: cuda-bindings<14,>=13.0.3 in ./conda/envs/sc_gpu/lib/python3.13/site-packages (from torch->scvi-tools) (13.2.0)
Requirement already satisfied: nvidia-cudnn-cu13==9.19.0.56 in ./conda/envs/sc_gpu/lib/python3.13/site-packages (from torch->scvi-tools) (9.19.0.56)
Requirement already satisfied: nvidia-cusparselt-cu13==0.8.0 in ./conda/envs/sc_gpu/lib/python3.13/site-packages (from torch->scvi-tools) (0.8.0)
Requirement already satisfied: nvidia-nccl-cu13==2.28.9 in ./conda/envs/sc_gpu/lib/python3.13/site-packages (from torch->scvi-tools) (2.28.9)
Requirement already satisfied: nvidia-nvshmem-cu13==3.4.5 in ./conda/envs/sc_gpu/lib/python3.13/site-packages (from torch->scvi-tools) (3.4.5)
Requirement already satisfied: triton==3.6.0 in ./conda/envs/sc_gpu/lib/python3.13/site-packages (from torch->scvi-tools) (3.6.0)
Requirement already satisfied: nvidia-cublas==13.1.0.3.* in ./conda/envs/sc_gpu/lib/python3.13/site-packages (from cuda-toolkit[cublas,cudart,cufft,cufile,cupti,curand,cusolver,cusparse,nvjitlink,nvrtc,nvtx]==13.0.2; platform_system == "Linux"->torch->scvi-tools) (13.1.0.3)
Requirement already satisfied: nvidia-cuda-runtime==13.0.96.* in ./conda/envs/sc_gpu/lib/python3.13/site-packages (from cuda-toolkit[cublas,cudart,cufft,cufile,cupti,curand,cusolver,cusparse,nvjitlink,nvrtc,nvtx]==13.0.2; platform_system == "Linux"->torch->scvi-tools) (13.0.96)
Requirement already satisfied: nvidia-cufft==12.0.0.61.* in ./conda/envs/sc_gpu/lib/python3.13/site-packages (from cuda-toolkit[cublas,cudart,cufft,cufile,cupti,curand,cusolver,cusparse,nvjitlink,nvrtc,nvtx]==13.0.2; platform_system == "Linux"->torch->scvi-tools) (12.0.0.61)
Requirement already satisfied: nvidia-cufile==1.15.1.6.* in ./conda/envs/sc_gpu/lib/python3.13/site-packages (from cuda-toolkit[cublas,cudart,cufft,cufile,cupti,curand,cusolver,cusparse,nvjitlink,nvrtc,nvtx]==13.0.2; platform_system == "Linux"->torch->scvi-tools) (1.15.1.6)
Requirement already satisfied: nvidia-cuda-cupti==13.0.85.* in ./conda/envs/sc_gpu/lib/python3.13/site-packages (from cuda-toolkit[cublas,cudart,cufft,cufile,cupti,curand,cusolver,cusparse,nvjitlink,nvrtc,nvtx]==13.0.2; platform_system == "Linux"->torch->scvi-tools) (13.0.85)
Requirement already satisfied: nvidia-curand==10.4.0.35.* in ./conda/envs/sc_gpu/lib/python3.13/site-packages (from cuda-toolkit[cublas,cudart,cufft,cufile,cupti,curand,cusolver,cusparse,nvjitlink,nvrtc,nvtx]==13.0.2; platform_system == "Linux"->torch->scvi-tools) (10.4.0.35)
Requirement already satisfied: nvidia-cusolver==12.0.4.66.* in ./conda/envs/sc_gpu/lib/python3.13/site-packages (from cuda-toolkit[cublas,cudart,cufft,cufile,cupti,curand,cusolver,cusparse,nvjitlink,nvrtc,nvtx]==13.0.2; platform_system == "Linux"->torch->scvi-tools) (12.0.4.66)
Requirement already satisfied: nvidia-cusparse==12.6.3.3.* in ./conda/envs/sc_gpu/lib/python3.13/site-packages (from cuda-toolkit[cublas,cudart,cufft,cufile,cupti,curand,cusolver,cusparse,nvjitlink,nvrtc,nvtx]==13.0.2; platform_system == "Linux"->torch->scvi-tools) (12.6.3.3)
Requirement already satisfied: nvidia-nvjitlink==13.0.88.* in ./conda/envs/sc_gpu/lib/python3.13/site-packages (from cuda-toolkit[cublas,cudart,cufft,cufile,cupti,curand,cusolver,cusparse,nvjitlink,nvrtc,nvtx]==13.0.2; platform_system == "Linux"->torch->scvi-tools) (13.0.88)
Requirement already satisfied: nvidia-cuda-nvrtc==13.0.88.* in ./conda/envs/sc_gpu/lib/python3.13/site-packages (from cuda-toolkit[cublas,cudart,cufft,cufile,cupti,curand,cusolver,cusparse,nvjitlink,nvrtc,nvtx]==13.0.2; platform_system == "Linux"->torch->scvi-tools) (13.0.88)
Requirement already satisfied: nvidia-nvtx==13.0.85.* in ./conda/envs/sc_gpu/lib/python3.13/site-packages (from cuda-toolkit[cublas,cudart,cufft,cufile,cupti,curand,cusolver,cusparse,nvjitlink,nvrtc,nvtx]==13.0.2; platform_system == "Linux"->torch->scvi-tools) (13.0.85)
Requirement already satisfied: cuda-pathfinder~=1.1 in ./conda/envs/sc_gpu/lib/python3.13/site-packages (from cuda-bindings<14,>=13.0.3->torch->scvi-tools) (1.5.1)
Requirement already satisfied: aiohappyeyeballs>=2.5.0 in ./conda/envs/sc_gpu/lib/python3.13/site-packages (from aiohttp!=4.0.0a0,!=4.0.0a1->fsspec[http]<2028.0,>=2022.5.0->lightning>=2.0->scvi-tools) (2.6.1)
Requirement already satisfied: aiosignal>=1.4.0 in ./conda/envs/sc_gpu/lib/python3.13/site-packages (from aiohttp!=4.0.0a0,!=4.0.0a1->fsspec[http]<2028.0,>=2022.5.0->lightning>=2.0->scvi-tools) (1.4.0)
Requirement already satisfied: attrs>=17.3.0 in ./conda/envs/sc_gpu/lib/python3.13/site-packages (from aiohttp!=4.0.0a0,!=4.0.0a1->fsspec[http]<2028.0,>=2022.5.0->lightning>=2.0->scvi-tools) (26.1.0)
Requirement already satisfied: frozenlist>=1.1.1 in ./conda/envs/sc_gpu/lib/python3.13/site-packages (from aiohttp!=4.0.0a0,!=4.0.0a1->fsspec[http]<2028.0,>=2022.5.0->lightning>=2.0->scvi-tools) (1.7.0)
Requirement already satisfied: multidict<7.0,>=4.5 in ./conda/envs/sc_gpu/lib/python3.13/site-packages (from aiohttp!=4.0.0a0,!=4.0.0a1->fsspec[http]<2028.0,>=2022.5.0->lightning>=2.0->scvi-tools) (6.7.1)
Requirement already satisfied: propcache>=0.2.0 in ./conda/envs/sc_gpu/lib/python3.13/site-packages (from aiohttp!=4.0.0a0,!=4.0.0a1->fsspec[http]<2028.0,>=2022.5.0->lightning>=2.0->scvi-tools) (0.3.1)
Requirement already satisfied: yarl<2.0,>=1.17.0 in ./conda/envs/sc_gpu/lib/python3.13/site-packages (from aiohttp!=4.0.0a0,!=4.0.0a1->fsspec[http]<2028.0,>=2022.5.0->lightning>=2.0->scvi-tools) (1.23.0)
Requirement already satisfied: idna>=2.0 in ./conda/envs/sc_gpu/lib/python3.13/site-packages (from yarl<2.0,>=1.17.0->aiohttp!=4.0.0a0,!=4.0.0a1->fsspec[http]<2028.0,>=2022.5.0->lightning>=2.0->scvi-tools) (3.11)
Requirement already satisfied: llvmlite<0.45,>=0.44.0dev0 in ./conda/envs/sc_gpu/lib/python3.13/site-packages (from numba>=0.60.0->scvi-tools) (0.44.0)
Requirement already satisfied: h5py>=3.11 in ./conda/envs/sc_gpu/lib/python3.13/site-packages (from scanpy->pertpy) (3.16.0)
Requirement already satisfied: joblib in ./conda/envs/sc_gpu/lib/python3.13/site-packages (from scanpy->pertpy) (1.5.3)
Requirement already satisfied: legacy-api-wrap>=1.5 in ./conda/envs/sc_gpu/lib/python3.13/site-packages (from scanpy->pertpy) (1.5)
Requirement already satisfied: matplotlib>=3.9 in ./conda/envs/sc_gpu/lib/python3.13/site-packages (from scanpy->pertpy) (3.10.8)
Requirement already satisfied: natsort in ./conda/envs/sc_gpu/lib/python3.13/site-packages (from scanpy->pertpy) (8.4.0)
Requirement already satisfied: patsy in ./conda/envs/sc_gpu/lib/python3.13/site-packages (from scanpy->pertpy) (1.0.2)
Requirement already satisfied: pynndescent>=0.5.13 in ./conda/envs/sc_gpu/lib/python3.13/site-packages (from scanpy->pertpy) (0.5.13)
Requirement already satisfied: seaborn>=0.13.2 in ./conda/envs/sc_gpu/lib/python3.13/site-packages (from scanpy->pertpy) (0.13.2)
Requirement already satisfied: session-info2 in ./conda/envs/sc_gpu/lib/python3.13/site-packages (from scanpy->pertpy) (0.4)
Requirement already satisfied: statsmodels>=0.14.5 in ./conda/envs/sc_gpu/lib/python3.13/site-packages (from scanpy->pertpy) (0.14.6)
Requirement already satisfied: umap-learn>=0.5.7 in ./conda/envs/sc_gpu/lib/python3.13/site-packages (from scanpy->pertpy) (0.5.11)
Requirement already satisfied: array-api-compat>=1.7.1 in ./conda/envs/sc_gpu/lib/python3.13/site-packages (from anndata->scvi-tools) (1.14.0)
Requirement already satisfied: zarr!=3.0.*,>=2.18.7 in ./conda/envs/sc_gpu/lib/python3.13/site-packages (from anndata->scvi-tools) (3.1.5)
Requirement already satisfied: python-dateutil>=2.8.2 in ./conda/envs/sc_gpu/lib/python3.13/site-packages (from pandas->scvi-tools) (2.9.0.post0)
Requirement already satisfied: pytz>=2020.1 in ./conda/envs/sc_gpu/lib/python3.13/site-packages (from pandas->scvi-tools) (2026.1.post1)
Requirement already satisfied: tzdata>=2022.7 in ./conda/envs/sc_gpu/lib/python3.13/site-packages (from pandas->scvi-tools) (2026.1)
Requirement already satisfied: contourpy>=1.0.1 in ./conda/envs/sc_gpu/lib/python3.13/site-packages (from matplotlib>=3.9->scanpy->pertpy) (1.3.3)
Requirement already satisfied: cycler>=0.10 in ./conda/envs/sc_gpu/lib/python3.13/site-packages (from matplotlib>=3.9->scanpy->pertpy) (0.12.1)
Requirement already satisfied: fonttools>=4.22.0 in ./conda/envs/sc_gpu/lib/python3.13/site-packages (from matplotlib>=3.9->scanpy->pertpy) (4.62.0)
Requirement already satisfied: kiwisolver>=1.3.1 in ./conda/envs/sc_gpu/lib/python3.13/site-packages (from matplotlib>=3.9->scanpy->pertpy) (1.5.0)
Requirement already satisfied: pillow>=8 in ./conda/envs/sc_gpu/lib/python3.13/site-packages (from matplotlib>=3.9->scanpy->pertpy) (12.2.0)
Requirement already satisfied: pyparsing>=3 in ./conda/envs/sc_gpu/lib/python3.13/site-packages (from matplotlib>=3.9->scanpy->pertpy) (3.3.2)
Requirement already satisfied: threadpoolctl>=3.2.0 in ./conda/envs/sc_gpu/lib/python3.13/site-packages (from scikit-learn>=1.4->pertpy) (3.6.0)
Requirement already satisfied: mpmath<1.4,>=1.1.0 in ./conda/envs/sc_gpu/lib/python3.13/site-packages (from sympy>=1.13.3->torch->scvi-tools) (1.3.0)
Requirement already satisfied: donfig>=0.8 in ./conda/envs/sc_gpu/lib/python3.13/site-packages (from zarr!=3.0.*,>=2.18.7->anndata->scvi-tools) (0.8.1.post1)
Requirement already satisfied: google-crc32c>=1.5 in ./conda/envs/sc_gpu/lib/python3.13/site-packages (from zarr!=3.0.*,>=2.18.7->anndata->scvi-tools) (1.8.0)
Requirement already satisfied: numcodecs>=0.14 in ./conda/envs/sc_gpu/lib/python3.13/site-packages (from zarr!=3.0.*,>=2.18.7->anndata->scvi-tools) (0.16.5)
Collecting jax>=0.8.1 (from flax->pertpy)
  Downloading jax-0.10.0-py3-none-any.whl.metadata (13 kB)
Requirement already satisfied: msgpack in ./conda/envs/sc_gpu/lib/python3.13/site-packages (from flax->pertpy) (1.1.2)
Collecting optax (from flax->pertpy)
  Downloading optax-0.2.8-py3-none-any.whl.metadata (7.9 kB)
Collecting orbax-checkpoint (from flax->pertpy)
  Downloading orbax_checkpoint-0.11.36-py3-none-any.whl.metadata (2.7 kB)
Collecting tensorstore (from flax->pertpy)
  Downloading tensorstore-0.1.82-cp313-cp313-manylinux_2_27_x86_64.manylinux_2_28_x86_64.whl.metadata (3.3 kB)
Collecting treescope>=0.1.7 (from flax->pertpy)
  Downloading treescope-0.1.10-py3-none-any.whl.metadata (6.6 kB)
Collecting orbax-export>=0.0.8 (from flax->pertpy)
  Downloading orbax_export-0.0.8-py3-none-any.whl.metadata (1.8 kB)
Collecting jaxlib<=0.10.0,>=0.10.0 (from jax>=0.8.1->flax->pertpy)
  Downloading jaxlib-0.10.0-cp313-cp313-manylinux_2_27_x86_64.whl.metadata (1.3 kB)
Collecting ml_dtypes>=0.5.0 (from jax>=0.8.1->flax->pertpy)
  Downloading ml_dtypes-0.5.4-cp313-cp313-manylinux_2_27_x86_64.manylinux_2_28_x86_64.whl.metadata (8.9 kB)
Collecting opt_einsum (from jax>=0.8.1->flax->pertpy)
  Downloading opt_einsum-3.4.0-py3-none-any.whl.metadata (6.3 kB)
Collecting absl-py (from orbax-export>=0.0.8->flax->pertpy)
  Downloading absl_py-2.4.0-py3-none-any.whl.metadata (3.3 kB)
Collecting dataclasses-json (from orbax-export>=0.0.8->flax->pertpy)
  Downloading dataclasses_json-0.6.7-py3-none-any.whl.metadata (25 kB)
Collecting etils (from orbax-export>=0.0.8->flax->pertpy)
  Downloading etils-1.14.0-py3-none-any.whl.metadata (6.5 kB)
Collecting jaxtyping (from orbax-export>=0.0.8->flax->pertpy)
  Downloading jaxtyping-0.3.9-py3-none-any.whl.metadata (7.4 kB)
Collecting protobuf (from orbax-export>=0.0.8->flax->pertpy)
  Using cached protobuf-7.34.1-cp310-abi3-manylinux2014_x86_64.whl.metadata (595 bytes)
Collecting aiofiles (from orbax-checkpoint->flax->pertpy)
  Downloading aiofiles-25.1.0-py3-none-any.whl.metadata (6.3 kB)
Collecting humanize (from orbax-checkpoint->flax->pertpy)
  Downloading humanize-4.15.0-py3-none-any.whl.metadata (7.8 kB)
Collecting simplejson>=3.16.0 (from orbax-checkpoint->flax->pertpy)
  Downloading simplejson-4.0.1-cp313-cp313-manylinux1_x86_64.manylinux_2_28_x86_64.manylinux_2_5_x86_64.whl.metadata (3.8 kB)
Requirement already satisfied: psutil in ./conda/envs/sc_gpu/lib/python3.13/site-packages (from orbax-checkpoint->flax->pertpy) (7.2.2)
Collecting uvloop (from orbax-checkpoint->flax->pertpy)
  Downloading uvloop-0.22.1-cp313-cp313-manylinux2014_x86_64.manylinux_2_17_x86_64.manylinux_2_28_x86_64.whl.metadata (4.9 kB)
Requirement already satisfied: markdown-it-py>=2.2.0 in ./conda/envs/sc_gpu/lib/python3.13/site-packages (from rich->pertpy) (4.0.0)
Requirement already satisfied: pygments<3.0.0,>=2.13.0 in ./conda/envs/sc_gpu/lib/python3.13/site-packages (from rich->pertpy) (2.20.0)
Requirement already satisfied: mdurl~=0.1 in ./conda/envs/sc_gpu/lib/python3.13/site-packages (from markdown-it-py>=2.2.0->rich->pertpy) (0.1.2)
Collecting marshmallow<4.0.0,>=3.18.0 (from dataclasses-json->orbax-export>=0.0.8->flax->pertpy)
  Downloading marshmallow-3.26.2-py3-none-any.whl.metadata (7.3 kB)
Collecting typing-inspect<1,>=0.4.0 (from dataclasses-json->orbax-export>=0.0.8->flax->pertpy)
  Downloading typing_inspect-0.9.0-py3-none-any.whl.metadata (1.5 kB)
Collecting mypy-extensions>=0.3.0 (from typing-inspect<1,>=0.4.0->dataclasses-json->orbax-export>=0.0.8->flax->pertpy)
  Using cached mypy_extensions-1.1.0-py3-none-any.whl.metadata (1.1 kB)
Requirement already satisfied: zipp in ./conda/envs/sc_gpu/lib/python3.13/site-packages (from etils[epath,epy]->orbax-checkpoint->flax->pertpy) (3.23.0)
Collecting makefun (from funsor->pertpy)
  Downloading makefun-1.16.0-py2.py3-none-any.whl.metadata (2.9 kB)
Collecting multipledispatch (from funsor->pertpy)
  Downloading multipledispatch-1.0.0-py3-none-any.whl.metadata (3.8 kB)
Collecting wadler-lindig>=0.1.3 (from jaxtyping->orbax-export>=0.0.8->flax->pertpy)
  Downloading wadler_lindig-0.1.7-py3-none-any.whl.metadata (17 kB)
Requirement already satisfied: MarkupSafe>=2.0 in ./conda/envs/sc_gpu/lib/python3.13/site-packages (from jinja2->torch->scvi-tools) (3.0.3)
Collecting scverse-misc>=0.0.3 (from mudata->pertpy)
  Downloading scverse_misc-0.0.3-py3-none-any.whl.metadata (4.4 kB)
Collecting et-xmlfile (from openpyxl->pertpy)
  Using cached et_xmlfile-2.0.0-py3-none-any.whl.metadata (2.7 kB)
Collecting jaxopt>=0.8 (from ott-jax->pertpy)
  Downloading jaxopt-0.8.5-py3-none-any.whl.metadata (3.3 kB)
Collecting lineax>=0.0.7 (from ott-jax->pertpy)
  Downloading lineax-0.1.0-py3-none-any.whl.metadata (18 kB)
Collecting equinox>=0.11.10 (from lineax>=0.0.7->ott-jax->pertpy)
  Downloading equinox-0.13.6-py3-none-any.whl.metadata (19 kB)
Collecting pyro-api>=0.1.1 (from pyro-ppl->scvi-tools)
  Downloading pyro_api-0.1.2-py3-none-any.whl.metadata (2.5 kB)
Requirement already satisfied: charset_normalizer<4,>=2 in ./conda/envs/sc_gpu/lib/python3.13/site-packages (from requests->pertpy) (3.4.7)
Requirement already satisfied: urllib3<3,>=1.26 in ./conda/envs/sc_gpu/lib/python3.13/site-packages (from requests->pertpy) (2.6.3)
Requirement already satisfied: certifi>=2023.5.7 in ./conda/envs/sc_gpu/lib/python3.13/site-packages (from requests->pertpy) (2026.2.25)
Collecting pyomo (from sparsecca->pertpy)
  Downloading pyomo-6.10.0-cp313-cp313-manylinux_2_24_x86_64.manylinux_2_28_x86_64.whl.metadata (9.1 kB)
Collecting grpcio>=1.48.2 (from tensorboard->scvi-tools)
  Downloading grpcio-1.80.0-cp313-cp313-manylinux2014_x86_64.manylinux_2_17_x86_64.whl.metadata (3.8 kB)
Collecting markdown>=2.6.8 (from tensorboard->scvi-tools)
  Downloading markdown-3.10.2-py3-none-any.whl.metadata (5.1 kB)
Collecting tensorboard-data-server<0.8.0,>=0.7.0 (from tensorboard->scvi-tools)
  Downloading tensorboard_data_server-0.7.2-py3-none-manylinux_2_31_x86_64.whl.metadata (1.1 kB)
Collecting werkzeug>=1.0.1 (from tensorboard->scvi-tools)
  Downloading werkzeug-3.1.8-py3-none-any.whl.metadata (4.0 kB)
Downloading pertpy-1.0.6-py3-none-any.whl (225 kB)
Downloading scvi_tools-1.4.2-py3-none-any.whl (662 kB)
   ━━━━━━━━━━━━━━━━━━━━━━━━━━━━━━━━━━━━━━━━ 662.1/662.1 kB 4.4 MB/s  0:00:00
Downloading arviz-1.0.0-py3-none-any.whl (8.4 kB)
Downloading arviz_base-1.0.0-py3-none-any.whl (1.4 MB)
   ━━━━━━━━━━━━━━━━━━━━━━━━━━━━━━━━━━━━━━━━ 1.4/1.4 MB 4.6 MB/s  0:00:00
Downloading arviz_plots-1.0.0-py3-none-any.whl (225 kB)
Downloading arviz_stats-1.0.0-py3-none-any.whl (171 kB)
Downloading lightning-2.6.1-py3-none-any.whl (853 kB)
   ━━━━━━━━━━━━━━━━━━━━━━━━━━━━━━━━━━━━━━━━ 853.6/853.6 kB 3.8 MB/s  0:00:00
Downloading lightning_utilities-0.15.3-py3-none-any.whl (31 kB)
Downloading torchmetrics-1.9.0-py3-none-any.whl (983 kB)
   ━━━━━━━━━━━━━━━━━━━━━━━━━━━━━━━━━━━━━━━━ 983.4/983.4 kB 2.9 MB/s  0:00:00
Downloading sparse-0.18.0-py2.py3-none-any.whl (151 kB)
Downloading xarray-2026.4.0-py3-none-any.whl (1.4 MB)
   ━━━━━━━━━━━━━━━━━━━━━━━━━━━━━━━━━━━━━━━━ 1.4/1.4 MB 4.5 MB/s  0:00:00
Using cached adjustText-1.3.0-py3-none-any.whl (13 kB)
Downloading flax-0.12.6-py3-none-any.whl (516 kB)
Downloading jax-0.10.0-py3-none-any.whl (3.1 MB)
   ━━━━━━━━━━━━━━━━━━━━━━━━━━━━━━━━━━━━━━━━ 3.1/3.1 MB 4.3 MB/s  0:00:00
Downloading jaxlib-0.10.0-cp313-cp313-manylinux_2_27_x86_64.whl (85.0 MB)
   ━━━━━━━━━━━━━━━━━━━━━━━━━━━━━━━━━━━━━━━━ 85.0/85.0 MB 1.7 MB/s  0:00:40
Downloading ml_dtypes-0.5.4-cp313-cp313-manylinux_2_27_x86_64.manylinux_2_28_x86_64.whl (5.0 MB)
   ━━━━━━━━━━━━━━━━━━━━━━━━━━━━━━━━━━━━━━━━ 5.0/5.0 MB 1.9 MB/s  0:00:02
Downloading orbax_export-0.0.8-py3-none-any.whl (180 kB)
Downloading orbax_checkpoint-0.11.36-py3-none-any.whl (1.1 MB)
   ━━━━━━━━━━━━━━━━━━━━━━━━━━━━━━━━━━━━━━━━ 1.1/1.1 MB 1.0 MB/s  0:00:01
Downloading simplejson-4.0.1-cp313-cp313-manylinux1_x86_64.manylinux_2_28_x86_64.manylinux_2_5_x86_64.whl (186 kB)
Downloading tensorstore-0.1.82-cp313-cp313-manylinux_2_27_x86_64.manylinux_2_28_x86_64.whl (21.0 MB)
   ━━━━━━━━━━━━━━━━━━━━━━━━━━━━━━━━━━━━━━━━ 21.0/21.0 MB 1.9 MB/s  0:00:10
Downloading treescope-0.1.10-py3-none-any.whl (182 kB)
Downloading absl_py-2.4.0-py3-none-any.whl (135 kB)
Downloading aiofiles-25.1.0-py3-none-any.whl (14 kB)
Downloading dataclasses_json-0.6.7-py3-none-any.whl (28 kB)
Downloading marshmallow-3.26.2-py3-none-any.whl (50 kB)
Downloading typing_inspect-0.9.0-py3-none-any.whl (8.8 kB)
Using cached mypy_extensions-1.1.0-py3-none-any.whl (5.0 kB)
Downloading etils-1.14.0-py3-none-any.whl (172 kB)
Downloading funsor-0.4.5-py3-none-any.whl (174 kB)
Downloading opt_einsum-3.4.0-py3-none-any.whl (71 kB)
Downloading humanize-4.15.0-py3-none-any.whl (132 kB)
Downloading jaxtyping-0.3.9-py3-none-any.whl (56 kB)
Downloading wadler_lindig-0.1.7-py3-none-any.whl (20 kB)
Downloading makefun-1.16.0-py2.py3-none-any.whl (22 kB)
Downloading ml_collections-1.1.0-py3-none-any.whl (76 kB)
Downloading mudata-0.3.5-py3-none-any.whl (43 kB)
Downloading scverse_misc-0.0.3-py3-none-any.whl (8.8 kB)
Downloading multipledispatch-1.0.0-py3-none-any.whl (12 kB)
Downloading numpyro-0.20.1-py3-none-any.whl (388 kB)
Using cached openpyxl-3.1.5-py2.py3-none-any.whl (250 kB)
Using cached et_xmlfile-2.0.0-py3-none-any.whl (18 kB)
Downloading optax-0.2.8-py3-none-any.whl (402 kB)
Downloading ott_jax-0.6.0-py3-none-any.whl (309 kB)
Downloading jaxopt-0.8.5-py3-none-any.whl (172 kB)
Downloading lineax-0.1.0-py3-none-any.whl (74 kB)
Downloading equinox-0.13.6-py3-none-any.whl (182 kB)
Using cached protobuf-7.34.1-cp310-abi3-manylinux2014_x86_64.whl (324 kB)
Downloading pubchempy-1.0.5-py3-none-any.whl (21 kB)
Downloading pyro_ppl-1.9.1-py3-none-any.whl (755 kB)
   ━━━━━━━━━━━━━━━━━━━━━━━━━━━━━━━━━━━━━━━━ 756.0/756.0 kB 5.7 MB/s  0:00:00
Downloading pyro_api-0.1.2-py3-none-any.whl (11 kB)
Downloading pytorch_lightning-2.6.1-py3-none-any.whl (857 kB)
   ━━━━━━━━━━━━━━━━━━━━━━━━━━━━━━━━━━━━━━━━ 857.3/857.3 kB 3.5 MB/s  0:00:00
Downloading sparsecca-0.3.1-py3-none-any.whl (12 kB)
Downloading pyomo-6.10.0-cp313-cp313-manylinux_2_24_x86_64.manylinux_2_28_x86_64.whl (4.5 MB)
   ━━━━━━━━━━━━━━━━━━━━━━━━━━━━━━━━━━━━━━━━ 4.5/4.5 MB 4.1 MB/s  0:00:01
Downloading tensorboard-2.20.0-py3-none-any.whl (5.5 MB)
   ━━━━━━━━━━━━━━━━━━━━━━━━━━━━━━━━━━━━━━━━ 5.5/5.5 MB 4.4 MB/s  0:00:01
Downloading tensorboard_data_server-0.7.2-py3-none-manylinux_2_31_x86_64.whl (6.6 MB)
   ━━━━━━━━━━━━━━━━━━━━━━━━━━━━━━━━━━━━━━━━ 6.6/6.6 MB 4.7 MB/s  0:00:01
Downloading grpcio-1.80.0-cp313-cp313-manylinux2014_x86_64.manylinux_2_17_x86_64.whl (6.8 MB)
   ━━━━━━━━━━━━━━━━━━━━━━━━━━━━━━━━━━━━━━━━ 6.8/6.8 MB 4.4 MB/s  0:00:01
Downloading markdown-3.10.2-py3-none-any.whl (108 kB)
Downloading werkzeug-3.1.8-py3-none-any.whl (226 kB)
Downloading uvloop-0.22.1-cp313-cp313-manylinux2014_x86_64.manylinux_2_17_x86_64.manylinux_2_28_x86_64.whl (4.4 MB)
   ━━━━━━━━━━━━━━━━━━━━━━━━━━━━━━━━━━━━━━━━ 4.4/4.4 MB 2.0 MB/s  0:00:02
Downloading xarray_einstats-0.10.0-py3-none-any.whl (39 kB)
Building wheels for collected packages: annoy, blitzgsea
  Building wheel for annoy (pyproject.toml): started
  Building wheel for annoy (pyproject.toml): finished with status 'done'
  Created wheel for annoy: filename=annoy-1.17.3-cp313-cp313-linux_x86_64.whl size=81400 sha256=45949de97d99ddd4ba35f5739b998341b3f406f213ba26c028384091874158f0
  Stored in directory: /home/zerlinshen/.cache/pip/wheels/fc/4e/87/f1f957e7382aa370452cff98276f51686924d5415e449800ed
  Building wheel for blitzgsea (pyproject.toml): started
  Building wheel for blitzgsea (pyproject.toml): finished with status 'done'
  Created wheel for blitzgsea: filename=blitzgsea-1.3.54-py3-none-any.whl size=625752 sha256=6aa6960b8eb0a3aff9ddd53bfa30ef5809604a581ccdd804035d175f0a674c0f
  Stored in directory: /home/zerlinshen/.cache/pip/wheels/2a/43/28/bc24d39a921ba619dbcccffe1ac396b14a761563f96e44ea17
Successfully built annoy blitzgsea
Installing collected packages: pyro-api, multipledispatch, makefun, annoy, werkzeug, wadler-lindig, uvloop, treescope, tensorboard-data-server, simplejson, scverse-misc, pyomo, pubchempy, protobuf, opt_einsum, mypy-extensions, ml_dtypes, marshmallow, markdown, lightning-utilities, humanize, grpcio, etils, et-xmlfile, aiofiles, absl-py, typing-inspect, tensorstore, tensorboard, sparse, openpyxl, ml-collections, jaxtyping, jaxlib, funsor, arviz_stats, xarray, jax, dataclasses-json, adjusttext, xarray-einstats, sparsecca, orbax-checkpoint, optax, numpyro, mudata, jaxopt, equinox, blitzgsea, arviz_base, torchmetrics, pyro-ppl, orbax-export, lineax, pytorch-lightning, ott-jax, flax, arviz_plots, lightning, arviz, scvi-tools, pertpy

Successfully installed absl-py-2.4.0 adjusttext-1.3.0 aiofiles-25.1.0 annoy-1.17.3 arviz-1.0.0 arviz_base-1.0.0 arviz_plots-1.0.0 arviz_stats-1.0.0 blitzgsea-1.3.54 dataclasses-json-0.6.7 equinox-0.13.6 et-xmlfile-2.0.0 etils-1.14.0 flax-0.12.6 funsor-0.4.5 grpcio-1.80.0 humanize-4.15.0 jax-0.10.0 jaxlib-0.10.0 jaxopt-0.8.5 jaxtyping-0.3.9 lightning-2.6.1 lightning-utilities-0.15.3 lineax-0.1.0 makefun-1.16.0 markdown-3.10.2 marshmallow-3.26.2 ml-collections-1.1.0 ml_dtypes-0.5.4 mudata-0.3.5 multipledispatch-1.0.0 mypy-extensions-1.1.0 numpyro-0.20.1 openpyxl-3.1.5 opt_einsum-3.4.0 optax-0.2.8 orbax-checkpoint-0.11.36 orbax-export-0.0.8 ott-jax-0.6.0 pertpy-1.0.6 protobuf-7.34.1 pubchempy-1.0.5 pyomo-6.10.0 pyro-api-0.1.2 pyro-ppl-1.9.1 pytorch-lightning-2.6.1 scverse-misc-0.0.3 scvi-tools-1.4.2 simplejson-4.0.1 sparse-0.18.0 sparsecca-0.3.1 tensorboard-2.20.0 tensorboard-data-server-0.7.2 tensorstore-0.1.82 torchmetrics-1.9.0 treescope-0.1.10 typing-inspect-0.9.0 uvloop-0.22.1 wadler-lindig-0.1.7 werkzeug-3.1.8 xarray-2026.4.0 xarray-einstats-0.10.0
ERROR: pip's dependency resolver does not currently take into account all the packages that are installed. This behaviour is the source of the following dependency conflicts.
decoupler 2.1.4 requires marsilea, which is not installed.
bbknn 1.6.0 requires Cython, which is not installed.
scanorama 1.7.4 requires fbpca>=1.0, which is not installed.
scanorama 1.7.4 requires geosketch>=1.0, which is not installed.
scanorama 1.7.4 requires intervaltree>=3.1.0, which is not installed.
scrublet 0.2.3 requires cython, which is not installed.
liana 1.7.1 requires plotnine>=0.10.1, which is not installed.
