Collecting cython
  Using cached cython-3.2.4-cp313-cp313-manylinux2014_x86_64.manylinux_2_17_x86_64.manylinux_2_28_x86_64.whl.metadata (7.5 kB)
Collecting marsilea
  Using cached marsilea-0.5.8-py3-none-any.whl.metadata (7.3 kB)
Collecting fbpca
  Using cached fbpca-1.0-py3-none-any.whl
Collecting geosketch
  Using cached geosketch-1.3-py3-none-any.whl.metadata (394 bytes)
Collecting intervaltree
  Using cached intervaltree-3.2.1-py2.py3-none-any.whl.metadata (12 kB)
Collecting plotnine
  Using cached plotnine-0.15.3-py3-none-any.whl.metadata (9.5 kB)
Collecting legendkit (from marsilea)
  Downloading legendkit-0.4.0-py3-none-any.whl.metadata (3.1 kB)
Requirement already satisfied: matplotlib>=3.6 in ./conda/envs/sc_gpu/lib/python3.13/site-packages (from marsilea) (3.10.8)
Requirement already satisfied: numpy in ./conda/envs/sc_gpu/lib/python3.13/site-packages (from marsilea) (2.2.6)
Requirement already satisfied: pandas[parquet] in ./conda/envs/sc_gpu/lib/python3.13/site-packages (from marsilea) (2.3.3)
Requirement already satisfied: platformdirs in ./conda/envs/sc_gpu/lib/python3.13/site-packages (from marsilea) (4.9.4)
Requirement already satisfied: scipy in ./conda/envs/sc_gpu/lib/python3.13/site-packages (from marsilea) (1.16.3)
Requirement already satisfied: seaborn in ./conda/envs/sc_gpu/lib/python3.13/site-packages (from marsilea) (0.13.2)
Requirement already satisfied: scikit-learn>=0.24 in ./conda/envs/sc_gpu/lib/python3.13/site-packages (from geosketch) (1.8.0)
Requirement already satisfied: sortedcontainers in ./conda/envs/sc_gpu/lib/python3.13/site-packages (from intervaltree) (2.4.0)
Collecting mizani~=0.14.0 (from plotnine)
  Using cached mizani-0.14.4-py3-none-any.whl.metadata (4.8 kB)
Requirement already satisfied: statsmodels>=0.14.6 in ./conda/envs/sc_gpu/lib/python3.13/site-packages (from plotnine) (0.14.6)
Requirement already satisfied: contourpy>=1.0.1 in ./conda/envs/sc_gpu/lib/python3.13/site-packages (from matplotlib>=3.6->marsilea) (1.3.3)
Requirement already satisfied: cycler>=0.10 in ./conda/envs/sc_gpu/lib/python3.13/site-packages (from matplotlib>=3.6->marsilea) (0.12.1)
Requirement already satisfied: fonttools>=4.22.0 in ./conda/envs/sc_gpu/lib/python3.13/site-packages (from matplotlib>=3.6->marsilea) (4.62.0)
Requirement already satisfied: kiwisolver>=1.3.1 in ./conda/envs/sc_gpu/lib/python3.13/site-packages (from matplotlib>=3.6->marsilea) (1.5.0)
Requirement already satisfied: packaging>=20.0 in ./conda/envs/sc_gpu/lib/python3.13/site-packages (from matplotlib>=3.6->marsilea) (26.0)
Requirement already satisfied: pillow>=8 in ./conda/envs/sc_gpu/lib/python3.13/site-packages (from matplotlib>=3.6->marsilea) (12.2.0)
Requirement already satisfied: pyparsing>=3 in ./conda/envs/sc_gpu/lib/python3.13/site-packages (from matplotlib>=3.6->marsilea) (3.3.2)
Requirement already satisfied: python-dateutil>=2.7 in ./conda/envs/sc_gpu/lib/python3.13/site-packages (from matplotlib>=3.6->marsilea) (2.9.0.post0)
Requirement already satisfied: pytz>=2020.1 in ./conda/envs/sc_gpu/lib/python3.13/site-packages (from pandas[parquet]->marsilea) (2026.1.post1)
Requirement already satisfied: tzdata>=2022.7 in ./conda/envs/sc_gpu/lib/python3.13/site-packages (from pandas[parquet]->marsilea) (2026.1)
Requirement already satisfied: six>=1.5 in ./conda/envs/sc_gpu/lib/python3.13/site-packages (from python-dateutil>=2.7->matplotlib>=3.6->marsilea) (1.17.0)
Requirement already satisfied: joblib>=1.3.0 in ./conda/envs/sc_gpu/lib/python3.13/site-packages (from scikit-learn>=0.24->geosketch) (1.5.3)
Requirement already satisfied: threadpoolctl>=3.2.0 in ./conda/envs/sc_gpu/lib/python3.13/site-packages (from scikit-learn>=0.24->geosketch) (3.6.0)
Requirement already satisfied: patsy>=0.5.6 in ./conda/envs/sc_gpu/lib/python3.13/site-packages (from statsmodels>=0.14.6->plotnine) (1.0.2)
Requirement already satisfied: pyarrow>=10.0.1 in ./conda/envs/sc_gpu/lib/python3.13/site-packages (from pandas[parquet]->marsilea) (21.0.0)
Using cached cython-3.2.4-cp313-cp313-manylinux2014_x86_64.manylinux_2_17_x86_64.manylinux_2_28_x86_64.whl (3.4 MB)
Using cached marsilea-0.5.8-py3-none-any.whl (84 kB)
Using cached geosketch-1.3-py3-none-any.whl (8.1 kB)
Using cached intervaltree-3.2.1-py2.py3-none-any.whl (25 kB)
Using cached plotnine-0.15.3-py3-none-any.whl (1.3 MB)
Using cached mizani-0.14.4-py3-none-any.whl (133 kB)
Downloading legendkit-0.4.0-py3-none-any.whl (27 kB)
Installing collected packages: fbpca, intervaltree, cython, mizani, legendkit, geosketch, plotnine, marsilea

Successfully installed cython-3.2.4 fbpca-1.0 geosketch-1.3 intervaltree-3.2.1 legendkit-0.4.0 marsilea-0.5.8 mizani-0.14.4 plotnine-0.15.3
