Preprocessing...
Simulating doublets...
Embedding transcriptomes using PCA...
Calculating doublet scores...
Automatically set threshold at doublet score = 0.38
Detected doublet rate = 0.4%
Estimated detectable doublet fraction = 11.6%
Overall doublet rate:
	Expected   = 6.0%
	Estimated  = 3.0%
Elapsed time: 0.3 seconds
Preprocessing...
Simulating doublets...
Embedding transcriptomes using PCA...
Calculating doublet scores...
Automatically set threshold at doublet score = 0.33
Detected doublet rate = 0.3%
Estimated detectable doublet fraction = 22.9%
Overall doublet rate:
	Expected   = 6.0%
	Estimated  = 1.3%
Elapsed time: 0.1 seconds
Preprocessing...
Simulating doublets...
Embedding transcriptomes using PCA...
Calculating doublet scores...
Automatically set threshold at doublet score = 0.49
Detected doublet rate = 0.3%
Estimated detectable doublet fraction = 10.2%
Overall doublet rate:
	Expected   = 6.0%
	Estimated  = 3.1%
Elapsed time: 0.8 seconds
Preprocessing...
Simulating doublets...
Embedding transcriptomes using PCA...
Calculating doublet scores...
Automatically set threshold at doublet score = 0.35
Detected doublet rate = 0.9%
Estimated detectable doublet fraction = 18.3%
Overall doublet rate:
	Expected   = 6.0%
	Estimated  = 4.8%
Elapsed time: 0.2 seconds
Preprocessing...
Simulating doublets...
Embedding transcriptomes using PCA...
Calculating doublet scores...
Automatically set threshold at doublet score = 0.37
Detected doublet rate = 0.0%
Estimated detectable doublet fraction = 13.8%
Overall doublet rate:
	Expected   = 6.0%
	Estimated  = 0.0%
Elapsed time: 0.2 seconds
Preprocessing...
Simulating doublets...
Embedding transcriptomes using PCA...
Calculating doublet scores...
Automatically set threshold at doublet score = 0.33
Detected doublet rate = 0.1%
Estimated detectable doublet fraction = 21.3%
Overall doublet rate:
	Expected   = 6.0%
	Estimated  = 0.7%
Elapsed time: 0.1 seconds
Preprocessing...
Simulating doublets...
Embedding transcriptomes using PCA...
Calculating doublet scores...
Automatically set threshold at doublet score = 0.38
Detected doublet rate = 0.3%
Estimated detectable doublet fraction = 25.9%
Overall doublet rate:
	Expected   = 6.0%
	Estimated  = 1.1%
Elapsed time: 0.3 seconds
Preprocessing...
Simulating doublets...
Embedding transcriptomes using PCA...
Calculating doublet scores...
Automatically set threshold at doublet score = 0.47
Detected doublet rate = 0.4%
Estimated detectable doublet fraction = 13.3%
Overall doublet rate:
	Expected   = 6.0%
	Estimated  = 3.1%
Elapsed time: 0.5 seconds
Preprocessing...
Simulating doublets...
Embedding transcriptomes using PCA...
Calculating doublet scores...
Automatically set threshold at doublet score = 0.50
Detected doublet rate = 0.2%
Estimated detectable doublet fraction = 1.8%
Overall doublet rate:
	Expected   = 6.0%
	Estimated  = 8.3%
Elapsed time: 1.0 seconds
Preprocessing...
Simulating doublets...
Embedding transcriptomes using PCA...
Calculating doublet scores...
Automatically set threshold at doublet score = 0.28
Detected doublet rate = 0.5%
Estimated detectable doublet fraction = 5.0%
Overall doublet rate:
	Expected   = 6.0%
	Estimated  = 10.3%
Elapsed time: 0.1 seconds
Preprocessing...
Simulating doublets...
Embedding transcriptomes using PCA...
Calculating doublet scores...
Automatically set threshold at doublet score = 0.20
Detected doublet rate = 2.4%
Estimated detectable doublet fraction = 1.8%
Overall doublet rate:
	Expected   = 6.0%
	Estimated  = 133.3%
Elapsed time: 0.0 seconds
Preprocessing...
Simulating doublets...
Embedding transcriptomes using PCA...
Calculating doublet scores...
Automatically set threshold at doublet score = 0.33
Detected doublet rate = 0.2%
Estimated detectable doublet fraction = 7.1%
Overall doublet rate:
	Expected   = 6.0%
	Estimated  = 2.1%
Elapsed time: 0.2 seconds
Preprocessing...
Simulating doublets...
Embedding transcriptomes using PCA...
Calculating doublet scores...
Automatically set threshold at doublet score = 0.35
Detected doublet rate = 0.9%
Estimated detectable doublet fraction = 31.9%
Overall doublet rate:
	Expected   = 6.0%
	Estimated  = 2.7%
Elapsed time: 1.4 seconds
Preprocessing...
Simulating doublets...
Embedding transcriptomes using PCA...
Calculating doublet scores...
Automatically set threshold at doublet score = 0.63
Detected doublet rate = 0.1%
Estimated detectable doublet fraction = 2.1%
Overall doublet rate:
	Expected   = 6.0%
	Estimated  = 4.6%
Elapsed time: 3.1 seconds
Preprocessing...
Simulating doublets...
Embedding transcriptomes using PCA...
Calculating doublet scores...
Automatically set threshold at doublet score = 0.19
Detected doublet rate = 1.3%
Estimated detectable doublet fraction = 4.4%
Overall doublet rate:
	Expected   = 6.0%
	Estimated  = 28.6%
Elapsed time: 0.0 seconds
Preprocessing...
Simulating doublets...
Embedding transcriptomes using PCA...
Calculating doublet scores...
Automatically set threshold at doublet score = 0.24
Detected doublet rate = 0.4%
Estimated detectable doublet fraction = 5.3%
Overall doublet rate:
	Expected   = 6.0%
	Estimated  = 7.7%
Elapsed time: 0.1 seconds
Preprocessing...
Simulating doublets...
Embedding transcriptomes using PCA...
Calculating doublet scores...
Automatically set threshold at doublet score = 0.61
Detected doublet rate = 0.1%
Estimated detectable doublet fraction = 1.3%
Overall doublet rate:
	Expected   = 6.0%
	Estimated  = 11.9%
Elapsed time: 2.4 seconds
Preprocessing...
Simulating doublets...
Embedding transcriptomes using PCA...
Calculating doublet scores...
Automatically set threshold at doublet score = 0.63
Detected doublet rate = 0.0%
Estimated detectable doublet fraction = 1.5%
Overall doublet rate:
	Expected   = 6.0%
	Estimated  = 2.7%
Elapsed time: 3.1 seconds
Preprocessing...
Simulating doublets...
Embedding transcriptomes using PCA...
Calculating doublet scores...
Automatically set threshold at doublet score = 0.30
Detected doublet rate = 1.5%
Estimated detectable doublet fraction = 27.7%
Overall doublet rate:
	Expected   = 6.0%
	Estimated  = 5.5%
Elapsed time: 2.2 seconds
Preprocessing...
Simulating doublets...
Embedding transcriptomes using PCA...
Calculating doublet scores...
Automatically set threshold at doublet score = 0.65
Detected doublet rate = 0.1%
Estimated detectable doublet fraction = 2.4%
Overall doublet rate:
	Expected   = 6.0%
	Estimated  = 5.2%
Elapsed time: 3.4 seconds
Preprocessing...
Simulating doublets...
Embedding transcriptomes using PCA...
Calculating doublet scores...
Automatically set threshold at doublet score = 0.66
Detected doublet rate = 0.0%
Estimated detectable doublet fraction = 0.6%
Overall doublet rate:
	Expected   = 6.0%
	Estimated  = 4.0%
Elapsed time: 3.5 seconds
Preprocessing...
Simulating doublets...
Embedding transcriptomes using PCA...
Calculating doublet scores...
Automatically set threshold at doublet score = 0.74
Detected doublet rate = 0.0%
Estimated detectable doublet fraction = 0.0%
Overall doublet rate:
	Expected   = 6.0%
	Estimated  = 0.0%
Elapsed time: 9.2 seconds
Preprocessing...
Simulating doublets...
Embedding transcriptomes using PCA...
Calculating doublet scores...
Automatically set threshold at doublet score = 0.55
Detected doublet rate = 0.1%
Estimated detectable doublet fraction = 6.0%
Overall doublet rate:
	Expected   = 6.0%
	Estimated  = 1.2%
Elapsed time: 1.4 seconds
Preprocessing...
Simulating doublets...
Embedding transcriptomes using PCA...
Calculating doublet scores...
Automatically set threshold at doublet score = 0.65
Detected doublet rate = 0.0%
Estimated detectable doublet fraction = 1.0%
Overall doublet rate:
	Expected   = 6.0%
	Estimated  = 3.8%
Elapsed time: 2.9 seconds
Preprocessing...
Simulating doublets...
Embedding transcriptomes using PCA...
Calculating doublet scores...
Automatically set threshold at doublet score = 0.38
Detected doublet rate = 1.1%
Estimated detectable doublet fraction = 25.8%
Overall doublet rate:
	Expected   = 6.0%
	Estimated  = 4.2%
Elapsed time: 1.0 seconds
Preprocessing...
Simulating doublets...
Embedding transcriptomes using PCA...
Calculating doublet scores...
Automatically set threshold at doublet score = 0.27
Detected doublet rate = 2.5%
Estimated detectable doublet fraction = 32.8%
Overall doublet rate:
	Expected   = 6.0%
	Estimated  = 7.6%
Elapsed time: 5.3 seconds
Preprocessing...
Simulating doublets...
Embedding transcriptomes using PCA...
Calculating doublet scores...
Automatically set threshold at doublet score = 0.57
Detected doublet rate = 0.0%
Estimated detectable doublet fraction = 2.3%
Overall doublet rate:
	Expected   = 6.0%
	Estimated  = 2.0%
Elapsed time: 1.5 seconds
Preprocessing...
Simulating doublets...
Embedding transcriptomes using PCA...
Calculating doublet scores...
Automatically set threshold at doublet score = 0.59
Detected doublet rate = 0.0%
Estimated detectable doublet fraction = 0.0%
Overall doublet rate:
	Expected   = 6.0%
	Estimated  = 0.0%
Elapsed time: 11.8 seconds
Preprocessing...
Simulating doublets...
Embedding transcriptomes using PCA...
Calculating doublet scores...
Automatically set threshold at doublet score = 0.62
Detected doublet rate = 0.0%
Estimated detectable doublet fraction = 0.0%
Overall doublet rate:
	Expected   = 6.0%
	Estimated  = 0.0%
Elapsed time: 14.5 seconds
Preprocessing...
Simulating doublets...
Embedding transcriptomes using PCA...
Calculating doublet scores...
Automatically set threshold at doublet score = 0.15
Detected doublet rate = 12.1%
Estimated detectable doublet fraction = 54.5%
Overall doublet rate:
	Expected   = 6.0%
	Estimated  = 22.1%
Elapsed time: 26.6 seconds
Preprocessing...
Simulating doublets...
Embedding transcriptomes using PCA...
Calculating doublet scores...
Automatically set threshold at doublet score = 0.12
Detected doublet rate = 15.4%
Estimated detectable doublet fraction = 66.9%
Overall doublet rate:
	Expected   = 6.0%
	Estimated  = 23.1%
Elapsed time: 14.7 seconds
Preprocessing...
Simulating doublets...
Embedding transcriptomes using PCA...
Calculating doublet scores...
Automatically set threshold at doublet score = 0.24
Detected doublet rate = 3.8%
Estimated detectable doublet fraction = 32.9%
Overall doublet rate:
	Expected   = 6.0%
	Estimated  = 11.6%
Elapsed time: 11.2 seconds
Preprocessing...
Simulating doublets...
Embedding transcriptomes using PCA...
Calculating doublet scores...
Automatically set threshold at doublet score = 0.14
Detected doublet rate = 12.1%
Estimated detectable doublet fraction = 53.2%
Overall doublet rate:
	Expected   = 6.0%
	Estimated  = 22.7%
Elapsed time: 16.9 seconds
Preprocessing...
Simulating doublets...
Embedding transcriptomes using PCA...
Calculating doublet scores...
Automatically set threshold at doublet score = 0.37
Detected doublet rate = 0.8%
Estimated detectable doublet fraction = 29.5%
Overall doublet rate:
	Expected   = 6.0%
	Estimated  = 2.7%
Elapsed time: 1.2 seconds
Preprocessing...
Simulating doublets...
Embedding transcriptomes using PCA...
Calculating doublet scores...
Automatically set threshold at doublet score = 0.80
Detected doublet rate = 0.0%
Estimated detectable doublet fraction = 0.1%
Overall doublet rate:
	Expected   = 6.0%
	Estimated  = 0.0%
Elapsed time: 29.4 seconds
Preprocessing...
Simulating doublets...
Embedding transcriptomes using PCA...
Calculating doublet scores...
Automatically set threshold at doublet score = 0.19
Detected doublet rate = 5.8%
Estimated detectable doublet fraction = 41.0%
Overall doublet rate:
	Expected   = 6.0%
	Estimated  = 14.2%
Elapsed time: 11.2 seconds
Preprocessing...
Simulating doublets...
Embedding transcriptomes using PCA...
Calculating doublet scores...
Automatically set threshold at doublet score = 0.46
Detected doublet rate = 0.1%
Estimated detectable doublet fraction = 14.8%
Overall doublet rate:
	Expected   = 6.0%
	Estimated  = 0.7%
Elapsed time: 0.5 seconds
Preprocessing...
Simulating doublets...
Embedding transcriptomes using PCA...
Calculating doublet scores...
Automatically set threshold at doublet score = 0.43
Detected doublet rate = 0.2%
Estimated detectable doublet fraction = 14.8%
Overall doublet rate:
	Expected   = 6.0%
	Estimated  = 1.2%
Elapsed time: 0.3 seconds
Preprocessing...
Simulating doublets...
Embedding transcriptomes using PCA...
Calculating doublet scores...
Automatically set threshold at doublet score = 0.73
Detected doublet rate = 0.0%
Estimated detectable doublet fraction = 0.0%
Overall doublet rate:
	Expected   = 6.0%
	Estimated  = 0.0%
Elapsed time: 24.9 seconds
Preprocessing...
Simulating doublets...
Embedding transcriptomes using PCA...
Calculating doublet scores...
Automatically set threshold at doublet score = 0.21
Detected doublet rate = 3.9%
Estimated detectable doublet fraction = 23.8%
Overall doublet rate:
	Expected   = 6.0%
	Estimated  = 16.4%
Elapsed time: 17.3 seconds
Preprocessing...
Simulating doublets...
Embedding transcriptomes using PCA...
Calculating doublet scores...
Automatically set threshold at doublet score = 0.14
Detected doublet rate = 13.7%
Estimated detectable doublet fraction = 59.4%
Overall doublet rate:
	Expected   = 6.0%
	Estimated  = 23.0%
Elapsed time: 26.3 seconds
Preprocessing...
Simulating doublets...
Embedding transcriptomes using PCA...
Calculating doublet scores...
Automatically set threshold at doublet score = 0.73
Detected doublet rate = 0.0%
Estimated detectable doublet fraction = 3.5%
Overall doublet rate:
	Expected   = 6.0%
	Estimated  = 0.6%
Elapsed time: 10.7 seconds
Preprocessing...
Simulating doublets...
Embedding transcriptomes using PCA...
Calculating doublet scores...
Automatically set threshold at doublet score = 0.38
Detected doublet rate = 0.0%
Estimated detectable doublet fraction = 0.0%
Overall doublet rate:
	Expected   = 6.0%
	Estimated  = 11.1%
Elapsed time: 10.2 seconds
Preprocessing...
Simulating doublets...
Embedding transcriptomes using PCA...
Calculating doublet scores...
Automatically set threshold at doublet score = 0.39
Detected doublet rate = 0.1%
Estimated detectable doublet fraction = 17.6%
Overall doublet rate:
	Expected   = 6.0%
	Estimated  = 0.5%
Elapsed time: 0.2 seconds
Preprocessing...
Simulating doublets...
Embedding transcriptomes using PCA...
Calculating doublet scores...
Automatically set threshold at doublet score = 0.33
Detected doublet rate = 0.8%
Estimated detectable doublet fraction = 27.0%
Overall doublet rate:
	Expected   = 6.0%
	Estimated  = 2.8%
Elapsed time: 0.7 seconds
Preprocessing...
Simulating doublets...
Embedding transcriptomes using PCA...
Calculating doublet scores...
Automatically set threshold at doublet score = 0.33
Detected doublet rate = 0.7%
Estimated detectable doublet fraction = 19.8%
Overall doublet rate:
	Expected   = 6.0%
	Estimated  = 3.6%
Elapsed time: 1.2 seconds
Preprocessing...
Simulating doublets...
Embedding transcriptomes using PCA...
Calculating doublet scores...
Automatically set threshold at doublet score = 0.30
Detected doublet rate = 0.6%
Estimated detectable doublet fraction = 19.6%
Overall doublet rate:
	Expected   = 6.0%
	Estimated  = 3.0%
Elapsed time: 0.1 seconds
Preprocessing...
Simulating doublets...
Embedding transcriptomes using PCA...
Calculating doublet scores...
Automatically set threshold at doublet score = 0.50
Detected doublet rate = 0.0%
Estimated detectable doublet fraction = 0.0%
Overall doublet rate:
	Expected   = 6.0%
	Estimated  = 50.0%
Elapsed time: 43.2 seconds
Preprocessing...
Simulating doublets...
Embedding transcriptomes using PCA...
Calculating doublet scores...
Automatically set threshold at doublet score = 0.37
Detected doublet rate = 0.6%
Estimated detectable doublet fraction = 36.1%
Overall doublet rate:
	Expected   = 6.0%
	Estimated  = 1.7%
Elapsed time: 1.1 seconds
Preprocessing...
Simulating doublets...
Embedding transcriptomes using PCA...
Calculating doublet scores...
Automatically set threshold at doublet score = 0.44
Detected doublet rate = 0.2%
Estimated detectable doublet fraction = 10.5%
Overall doublet rate:
	Expected   = 6.0%
	Estimated  = 1.6%
Elapsed time: 0.3 seconds
Preprocessing...
Simulating doublets...
Embedding transcriptomes using PCA...
Calculating doublet scores...
Automatically set threshold at doublet score = 0.28
Detected doublet rate = 2.1%
Estimated detectable doublet fraction = 23.3%
Overall doublet rate:
	Expected   = 6.0%
	Estimated  = 9.0%
Elapsed time: 6.3 seconds
Preprocessing...
Simulating doublets...
Embedding transcriptomes using PCA...
Calculating doublet scores...
Automatically set threshold at doublet score = 0.22
Detected doublet rate = 4.3%
Estimated detectable doublet fraction = 35.7%
Overall doublet rate:
	Expected   = 6.0%
	Estimated  = 12.1%
Elapsed time: 5.0 seconds
Preprocessing...
Simulating doublets...
Embedding transcriptomes using PCA...
Calculating doublet scores...
Automatically set threshold at doublet score = 0.34
Detected doublet rate = 1.3%
Estimated detectable doublet fraction = 27.2%
Overall doublet rate:
	Expected   = 6.0%
	Estimated  = 4.8%
Elapsed time: 2.5 seconds
Preprocessing...
Simulating doublets...
Embedding transcriptomes using PCA...
Calculating doublet scores...
Automatically set threshold at doublet score = 0.15
Detected doublet rate = 10.5%
Estimated detectable doublet fraction = 45.7%
Overall doublet rate:
	Expected   = 6.0%
	Estimated  = 22.9%
Elapsed time: 16.6 seconds
Preprocessing...
Simulating doublets...
Embedding transcriptomes using PCA...
Calculating doublet scores...
Automatically set threshold at doublet score = 0.64
Detected doublet rate = 0.0%
Estimated detectable doublet fraction = 2.2%
Overall doublet rate:
	Expected   = 6.0%
	Estimated  = 1.2%
Elapsed time: 89.4 seconds
Preprocessing...
Simulating doublets...
Embedding transcriptomes using PCA...
Calculating doublet scores...
Automatically set threshold at doublet score = 0.73
Detected doublet rate = 0.0%
Estimated detectable doublet fraction = 0.0%
Overall doublet rate:
	Expected   = 6.0%
	Estimated  = 28.6%
Elapsed time: 10.2 seconds
Preprocessing...
Simulating doublets...
Embedding transcriptomes using PCA...
Calculating doublet scores...
Automatically set threshold at doublet score = 0.63
Detected doublet rate = 0.0%
Estimated detectable doublet fraction = 0.6%
Overall doublet rate:
	Expected   = 6.0%
	Estimated  = 4.5%
Elapsed time: 2.7 seconds
Preprocessing...
Simulating doublets...
Embedding transcriptomes using PCA...
Calculating doublet scores...
Automatically set threshold at doublet score = 0.16
Detected doublet rate = 7.6%
Estimated detectable doublet fraction = 36.9%
Overall doublet rate:
	Expected   = 6.0%
	Estimated  = 20.5%
Elapsed time: 15.0 seconds
Preprocessing...
Simulating doublets...
Embedding transcriptomes using PCA...
Calculating doublet scores...
Automatically set threshold at doublet score = 0.68
Detected doublet rate = 0.0%
Estimated detectable doublet fraction = 0.2%
Overall doublet rate:
	Expected   = 6.0%
	Estimated  = 7.8%
Elapsed time: 4.9 seconds
Preprocessing...
Simulating doublets...
Embedding transcriptomes using PCA...
Calculating doublet scores...
Automatically set threshold at doublet score = 0.41
Detected doublet rate = 0.2%
Estimated detectable doublet fraction = 9.8%
Overall doublet rate:
	Expected   = 6.0%
	Estimated  = 1.6%
Elapsed time: 0.2 seconds
Preprocessing...
Simulating doublets...
Embedding transcriptomes using PCA...
Calculating doublet scores...
Automatically set threshold at doublet score = 0.32
Detected doublet rate = 0.0%
Estimated detectable doublet fraction = 11.8%
Overall doublet rate:
	Expected   = 6.0%
	Estimated  = 0.0%
Elapsed time: 0.1 seconds
Preprocessing...
Simulating doublets...
Embedding transcriptomes using PCA...
Calculating doublet scores...
Automatically set threshold at doublet score = 0.40
Detected doublet rate = 0.8%
Estimated detectable doublet fraction = 25.7%
Overall doublet rate:
	Expected   = 6.0%
	Estimated  = 3.3%
Elapsed time: 1.5 seconds
Preprocessing...
Simulating doublets...
Embedding transcriptomes using PCA...
Calculating doublet scores...
Automatically set threshold at doublet score = 0.50
Detected doublet rate = 0.3%
Estimated detectable doublet fraction = 9.2%
Overall doublet rate:
	Expected   = 6.0%
	Estimated  = 2.8%
Elapsed time: 1.3 seconds
Preprocessing...
Simulating doublets...
Embedding transcriptomes using PCA...
Calculating doublet scores...
Automatically set threshold at doublet score = 0.46
Detected doublet rate = 0.2%
Estimated detectable doublet fraction = 7.8%
Overall doublet rate:
	Expected   = 6.0%
	Estimated  = 2.4%
Elapsed time: 0.5 seconds
Preprocessing...
Simulating doublets...
Embedding transcriptomes using PCA...
Calculating doublet scores...
Automatically set threshold at doublet score = 0.56
Detected doublet rate = 0.0%
Estimated detectable doublet fraction = 0.0%
Overall doublet rate:
	Expected   = 6.0%
	Estimated  = 18.2%
Elapsed time: 6.9 seconds
Preprocessing...
Simulating doublets...
Embedding transcriptomes using PCA...
Calculating doublet scores...
Automatically set threshold at doublet score = 0.45
Detected doublet rate = 0.0%
Estimated detectable doublet fraction = 0.0%
Overall doublet rate:
	Expected   = 6.0%
	Estimated  = 25.0%
Elapsed time: 9.3 seconds
Preprocessing...
Simulating doublets...
Embedding transcriptomes using PCA...
Calculating doublet scores...
Automatically set threshold at doublet score = 0.37
Detected doublet rate = 0.8%
Estimated detectable doublet fraction = 23.6%
Overall doublet rate:
	Expected   = 6.0%
	Estimated  = 3.5%
Elapsed time: 1.1 seconds
Preprocessing...
Simulating doublets...
Embedding transcriptomes using PCA...
Calculating doublet scores...
Automatically set threshold at doublet score = 0.46
Detected doublet rate = 0.3%
Estimated detectable doublet fraction = 5.2%
Overall doublet rate:
	Expected   = 6.0%
	Estimated  = 5.2%
Elapsed time: 0.4 seconds
Preprocessing...
Simulating doublets...
Embedding transcriptomes using PCA...
Calculating doublet scores...
Automatically set threshold at doublet score = 0.52
Detected doublet rate = 0.2%
Estimated detectable doublet fraction = 3.6%
Overall doublet rate:
	Expected   = 6.0%
	Estimated  = 5.7%
Elapsed time: 0.9 seconds
Preprocessing...
Simulating doublets...
Embedding transcriptomes using PCA...
Calculating doublet scores...
Automatically set threshold at doublet score = 0.34
Detected doublet rate = 0.9%
Estimated detectable doublet fraction = 28.1%
Overall doublet rate:
	Expected   = 6.0%
	Estimated  = 3.2%
Elapsed time: 1.1 seconds
Preprocessing...
Simulating doublets...
Embedding transcriptomes using PCA...
Calculating doublet scores...
Automatically set threshold at doublet score = 0.56
Detected doublet rate = 0.2%
Estimated detectable doublet fraction = 3.4%
Overall doublet rate:
	Expected   = 6.0%
	Estimated  = 4.6%
Elapsed time: 1.6 seconds
Preprocessing...
Simulating doublets...
Embedding transcriptomes using PCA...
Calculating doublet scores...
Automatically set threshold at doublet score = 0.35
Detected doublet rate = 0.6%
Estimated detectable doublet fraction = 34.8%
Overall doublet rate:
	Expected   = 6.0%
	Estimated  = 1.6%
Elapsed time: 0.2 seconds
Preprocessing...
Simulating doublets...
Embedding transcriptomes using PCA...
Calculating doublet scores...
Automatically set threshold at doublet score = 0.47
Detected doublet rate = 0.2%
Estimated detectable doublet fraction = 10.8%
Overall doublet rate:
	Expected   = 6.0%
	Estimated  = 1.8%
Elapsed time: 0.8 seconds
Preprocessing...
Simulating doublets...
Embedding transcriptomes using PCA...
Calculating doublet scores...
Automatically set threshold at doublet score = 0.27
Detected doublet rate = 0.0%
Estimated detectable doublet fraction = 11.5%
Overall doublet rate:
	Expected   = 6.0%
	Estimated  = 0.0%
Elapsed time: 0.1 seconds
Preprocessing...
Simulating doublets...
Embedding transcriptomes using PCA...
Calculating doublet scores...
Automatically set threshold at doublet score = 0.36
Detected doublet rate = 0.2%
Estimated detectable doublet fraction = 11.5%
Overall doublet rate:
	Expected   = 6.0%
	Estimated  = 2.0%
Elapsed time: 0.2 seconds
Preprocessing...
Simulating doublets...
Embedding transcriptomes using PCA...
Calculating doublet scores...
Automatically set threshold at doublet score = 0.38
Detected doublet rate = 0.7%
Estimated detectable doublet fraction = 25.2%
Overall doublet rate:
	Expected   = 6.0%
	Estimated  = 2.9%
Elapsed time: 1.8 seconds
Preprocessing...
Simulating doublets...
Embedding transcriptomes using PCA...
Calculating doublet scores...
Automatically set threshold at doublet score = 0.45
Detected doublet rate = 0.0%/home/zerlinshen/conda/envs/sc_gpu/lib/python3.13/site-packages/anndata/_core/xarray.py:38: UserWarning: Did not read zarr as consolidated. Consider consolidating your metadata.
  return func(*args, **kwargs)
2026-04-24 19:24:57,603 - harmonypy - INFO - Running Harmony (PyTorch on cpu)
2026-04-24 19:24:57,603 - harmonypy - INFO -   Parameters:
2026-04-24 19:24:57,603 - harmonypy - INFO -     max_iter_harmony: 10
2026-04-24 19:24:57,603 - harmonypy - INFO -     max_iter_kmeans: 20
2026-04-24 19:24:57,603 - harmonypy - INFO -     epsilon_cluster: 1e-05
2026-04-24 19:24:57,603 - harmonypy - INFO -     epsilon_harmony: 0.0001
2026-04-24 19:24:57,603 - harmonypy - INFO -     nclust: 100
2026-04-24 19:24:57,603 - harmonypy - INFO -     block_size: 0.05
2026-04-24 19:24:57,603 - harmonypy - INFO -     lamb: [1. 1. 1. 1. 1. 1. 1. 1. 1. 1. 1. 1. 1. 1. 1. 1. 1. 1. 1. 1. 1. 1. 1. 1.
 1. 1. 1. 1. 1. 1. 1. 1. 1. 1. 1. 1. 1. 1. 1. 1. 1. 1. 1. 1. 1. 1. 1. 1.
 1. 1. 1. 1. 1. 1. 1. 1. 1. 1. 1. 1. 1. 1. 1. 1. 1. 1. 1. 1. 1. 1. 1. 1.
 1. 1. 1. 1. 1. 1. 1. 1. 1.]
2026-04-24 19:24:57,603 - harmonypy - INFO -     theta: [2. 2. 2. 2. 2. 2. 2. 2. 2. 2. 2. 2. 2. 2. 2. 2. 2. 2. 2. 2. 2. 2. 2. 2.
 2. 2. 2. 2. 2. 2. 2. 2. 2. 2. 2. 2. 2. 2. 2. 2. 2. 2. 2. 2. 2. 2. 2. 2.
 2. 2. 2. 2. 2. 2. 2. 2. 2. 2. 2. 2. 2. 2. 2. 2. 2. 2. 2. 2. 2. 2. 2. 2.
 2. 2. 2. 2. 2. 2. 2. 2. 2.]
2026-04-24 19:24:57,603 - harmonypy - INFO -     sigma: [0.1 0.1 0.1 0.1 0.1]...
2026-04-24 19:24:57,603 - harmonypy - INFO -     verbose: True
2026-04-24 19:24:57,603 - harmonypy - INFO -     random_state: 0
2026-04-24 19:24:57,603 - harmonypy - INFO -   Data: 20 PCs × 810218 cells
2026-04-24 19:24:57,603 - harmonypy - INFO -   Batch variables: ['sample']
2026-04-24 19:24:57,706 - harmonypy - INFO - Computing initial centroids with sklearn.KMeans...
2026-04-24 19:24:59,917 - harmonypy - INFO - KMeans initialization complete.
2026-04-24 19:25:00,487 - harmonypy - INFO - Iteration 1 of 10
2026-04-24 19:25:21,778 - harmonypy - INFO - Iteration 2 of 10
2026-04-24 19:25:44,223 - harmonypy - INFO - Iteration 3 of 10
2026-04-24 19:26:06,242 - harmonypy - INFO - Iteration 4 of 10
2026-04-24 19:26:28,338 - harmonypy - INFO - Iteration 5 of 10
2026-04-24 19:26:50,239 - harmonypy - INFO - Converged after 5 iterations
2026-04-24 19:26:51 | [INFO] GPU backend available (rapids-singlecell + cupy)
2026-04-24 19:26:51 | [INFO] GPU batch post-processing: neighbors/UMAP/Leiden
2026-04-24 19:27:04 | [INFO] Skipping full AnnData checkpoint after batch_correction in massive mode to reduce memory/IO pressure
... storing 'phase' as categorical
2026-04-24 19:27:23 | [INFO] Skipping full AnnData checkpoint after cell_cycle in massive mode to reduce memory/IO pressure
2026-04-24 19:27:24 | [INFO] GPU DE: using rapids-singlecell rank_genes_groups (wilcoxon)
WARNING: dendrogram data not found (using key=dendrogram_leiden). Running `sc.tl.dendrogram` with default parameters. For fine tuning it is recommended to run `sc.tl.dendrogram` independently.
2026-04-24 19:28:26 | [INFO] Skipping full AnnData checkpoint after differential_expression in massive mode to reduce memory/IO pressure
2026-04-24 19:29:36 | [INFO] Skipping full AnnData checkpoint after gene_signature_scoring in massive mode to reduce memory/IO pressure
2026-04-24 19:29:36 | [INFO] Computing 10802 metacells for 810218 cells (ratio ~75:1)
2026-04-24 19:29:36 | [INFO] SEACells unavailable or failed (No module named 'SEACells'), using MiniBatchKMeans fallback.
... storing 'majority_cell_type' as categorical
... storing 'majority_leiden' as categorical
2026-04-24 19:30:04 | [INFO] Skipping full AnnData checkpoint after metacell in massive mode to reduce memory/IO pressure
2026-04-24 19:30:04 | [INFO] Skipping full AnnData checkpoint after paper_repro in massive mode to reduce memory/IO pressure
2026-04-24 19:30:48 | [INFO] Skipping full AnnData checkpoint after trajectory in massive mode to reduce memory/IO pressure
/home/zerlinshen/conda/envs/sc_gpu/lib/python3.13/site-packages/legacy_api_wrap/__init__.py:88: FutureWarning: The dtype argument is deprecated and will be removed in late 2024.
/home/zerlinshen/conda/envs/sc_gpu/lib/python3.13/site-packages/liana/method/_pipe_utils/_pre.py:149: FutureWarning: The default of observed=False is deprecated and will be changed to True in a future version of pandas. Pass observed=False to retain current behavior or observed=True to adopt the future default and silence this warning.
/tmp/tmptf5tc7xy: line 23: 1645059 Killed                  python -m workflow.modular.cli --project NC2024_NSCLC_FULL_COHORT_RERUN_ALL_ELIGIBLE_AUTO --sample-root /home/zerlinshen/singlecell_factory/data/raw/nc2024_nsclc_emtab13526/full_cohort --output-dir /home/zerlinshen/singlecell_factory/results --optional-modules clustering,cell_cycle,batch_correction,differential_expression,annotation,trajectory,pseudo_velocity,pathway_analysis,cell_communication,immune_phenotyping,tumor_microenvironment,gene_signature_scoring,pseudobulk_de,cell_fate,composition,metacell,paper_repro --batch-key sample --checkpoint --gpu-mode auto --scale-mode massive --parallel-workers 1 --pseudobulk-exploratory-group-vs-rest --paper-spec-json /home/zerlinshen/singlecell_factory/ops/nc2024_full_cohort_rerun_all_eligible/paper_repro_spec.json --no-run-cellranger-if-missing
ERROR conda.cli.main_run:execute(142): `conda run python -m workflow.modular.cli --project NC2024_NSCLC_FULL_COHORT_RERUN_ALL_ELIGIBLE_AUTO --sample-root /home/zerlinshen/singlecell_factory/data/raw/nc2024_nsclc_emtab13526/full_cohort --output-dir /home/zerlinshen/singlecell_factory/results --optional-modules clustering,cell_cycle,batch_correction,differential_expression,annotation,trajectory,pseudo_velocity,pathway_analysis,cell_communication,immune_phenotyping,tumor_microenvironment,gene_signature_scoring,pseudobulk_de,cell_fate,composition,metacell,paper_repro --batch-key sample --checkpoint --gpu-mode auto --scale-mode massive --parallel-workers 1 --pseudobulk-exploratory-group-vs-rest --paper-spec-json /home/zerlinshen/singlecell_factory/ops/nc2024_full_cohort_rerun_all_eligible/paper_repro_spec.json --no-run-cellranger-if-missing` failed. (See above for error)
